Archive member included to satisfy reference by file (symbol)

/home/vidar/devkitPro/libnx/lib/libnx.a(applet.o)
                              main.o (appletSetScreenShotPermission)
/home/vidar/devkitPro/libnx/lib/libnx.a(hid.o)
                              main.o (hidKeysDown)
/home/vidar/devkitPro/libnx/lib/libnx.a(sm.o)
                              /home/vidar/devkitPro/libnx/lib/libnx.a(applet.o) (smGetService)
/home/vidar/devkitPro/libnx/lib/libnx.a(apm.o)
                              /home/vidar/devkitPro/libnx/lib/libnx.a(applet.o) (apmExit)
/home/vidar/devkitPro/libnx/lib/libnx.a(fatal.o)
                              /home/vidar/devkitPro/libnx/lib/libnx.a(applet.o) (fatalSimple)
/home/vidar/devkitPro/libnx/lib/libnx.a(gfx.o)
                              main.o (gfxExit)
/home/vidar/devkitPro/libnx/lib/libnx.a(cache.o)
                              /home/vidar/devkitPro/libnx/lib/libnx.a(gfx.o) (armDCacheFlush)
/home/vidar/devkitPro/libnx/lib/libnx.a(switch_crt0.o)
                              (_start)
/home/vidar/devkitPro/libnx/lib/libnx.a(svc.o)
                              /home/vidar/devkitPro/libnx/lib/libnx.a(applet.o) (svcSleepThread)
/home/vidar/devkitPro/libnx/lib/libnx.a(dynamic.o)
                              /home/vidar/devkitPro/libnx/lib/libnx.a(switch_crt0.o) (__nx_dynamic)
/home/vidar/devkitPro/libnx/lib/libnx.a(init.o)
                              /home/vidar/devkitPro/libnx/lib/libnx.a(switch_crt0.o) (__libnx_init)
/home/vidar/devkitPro/libnx/lib/libnx.a(env.o)
                              /home/vidar/devkitPro/libnx/lib/libnx.a(init.o) (envSetup)
/home/vidar/devkitPro/libnx/lib/libnx.a(newlib.o)
                              /home/vidar/devkitPro/libnx/lib/libnx.a(init.o) (newlibSetup)
/home/vidar/devkitPro/libnx/lib/libnx.a(argv.o)
                              /home/vidar/devkitPro/libnx/lib/libnx.a(init.o) (argvSetup)
/home/vidar/devkitPro/libnx/lib/libnx.a(detect.o)
                              /home/vidar/devkitPro/libnx/lib/libnx.a(applet.o) (kernelAbove200)
/home/vidar/devkitPro/libnx/lib/libnx.a(shmem.o)
                              /home/vidar/devkitPro/libnx/lib/libnx.a(hid.o) (shmemLoadRemote)
/home/vidar/devkitPro/libnx/lib/libnx.a(rwlock.o)
                              /home/vidar/devkitPro/libnx/lib/libnx.a(hid.o) (rwlockReadLock)
/home/vidar/devkitPro/libnx/lib/libnx.a(mutex.o)
                              /home/vidar/devkitPro/libnx/lib/libnx.a(newlib.o) (mutexLock)
/home/vidar/devkitPro/libnx/lib/libnx.a(virtmem.o)
                              /home/vidar/devkitPro/libnx/lib/libnx.a(init.o) (virtmemSetup)
/home/vidar/devkitPro/libnx/lib/libnx.a(fs_dev.o)
                              /home/vidar/devkitPro/libnx/lib/libnx.a(init.o) (fsdevInit)
/home/vidar/devkitPro/libnx/lib/libnx.a(nv.o)
                              /home/vidar/devkitPro/libnx/lib/libnx.a(gfx.o) (nvExit)
/home/vidar/devkitPro/libnx/lib/libnx.a(vi.o)
                              /home/vidar/devkitPro/libnx/lib/libnx.a(gfx.o) (viExit)
/home/vidar/devkitPro/libnx/lib/libnx.a(fs.o)
                              /home/vidar/devkitPro/libnx/lib/libnx.a(init.o) (fsInitialize)
/home/vidar/devkitPro/libnx/lib/libnx.a(buffer_producer.o)
                              /home/vidar/devkitPro/libnx/lib/libnx.a(gfx.o) (bufferProducerInitialize)
/home/vidar/devkitPro/libnx/lib/libnx.a(binder.o)
                              /home/vidar/devkitPro/libnx/lib/libnx.a(gfx.o) (binderCreateSession)
/home/vidar/devkitPro/libnx/lib/libnx.a(parcel.o)
                              /home/vidar/devkitPro/libnx/lib/libnx.a(buffer_producer.o) (parcelInitialize)
/home/vidar/devkitPro/libnx/lib/libnx.a(nvgfx.o)
                              /home/vidar/devkitPro/libnx/lib/libnx.a(gfx.o) (nvgfxInitialize)
/home/vidar/devkitPro/libnx/lib/libnx.a(nvhost-ctrl.o)
                              /home/vidar/devkitPro/libnx/lib/libnx.a(nvgfx.o) (nvioctlNvhostCtrl_EventWait)
/home/vidar/devkitPro/libnx/lib/libnx.a(nvhost-ctrl-gpu.o)
                              /home/vidar/devkitPro/libnx/lib/libnx.a(nvgfx.o) (nvioctlNvhostCtrlGpu_ZCullGetCtxSize)
/home/vidar/devkitPro/libnx/lib/libnx.a(nvhost-as-gpu.o)
                              /home/vidar/devkitPro/libnx/lib/libnx.a(nvgfx.o) (nvioctlNvhostAsGpu_BindChannel)
/home/vidar/devkitPro/libnx/lib/libnx.a(channel.o)
                              /home/vidar/devkitPro/libnx/lib/libnx.a(nvgfx.o) (nvioctlChannel_SetNvmapFd)
/home/vidar/devkitPro/libnx/lib/libnx.a(nvmap.o)
                              /home/vidar/devkitPro/libnx/lib/libnx.a(nvgfx.o) (nvioctlNvmap_Create)
/home/vidar/devkitPro/libnx/lib/libnx.a(decode_utf8.o)
                              /home/vidar/devkitPro/libnx/lib/libnx.a(fs_dev.o) (decode_utf8)
/home/vidar/devkitPro/libnx/lib/libnx.a(readtp.o)
                              /home/vidar/devkitPro/libnx/lib/libnx.a(fs_dev.o) (__aarch64_read_tp)
/home/vidar/devkitPro/libnx/lib/libnx.a(tmem.o)
[...]
Memory Configuration

Name             Origin             Length             Attributes
*default*        0x0000000000000000 0xffffffffffffffff

Linker script and memory map

                0x0000000000000000                PROVIDE (__start__ = 0x0)
                0x0000000000000000                . = __start__

.crt0           0x0000000000000000      0x118
 *(.crt0)
 .crt0          0x0000000000000000      0x114 /home/vidar/devkitPro/libnx/lib/libnx.a(switch_crt0.o)
                0x0000000000000000                _start
                0x0000000000000104                __nx_exit
                0x0000000000000118                . = ALIGN (0x8)
 *fill*         0x0000000000000114        0x4 

.init           0x0000000000000118       0x38
 *(.init)
 .init          0x0000000000000118       0x18 /home/vidar/devkitPro/devkitA64/bin/../lib/gcc/aarch64-none-elf/7.3.0/pic/crti.o
                0x0000000000000118                _init
 .init          0x0000000000000130       0x1c /home/vidar/devkitPro/devkitA64/bin/../lib/gcc/aarch64-none-elf/7.3.0/pic/crtn.o
                0x0000000000000150                . = ALIGN (0x8)
 *fill*         0x000000000000014c        0x4 

.plt            0x0000000000000150        0x0
 *(.plt)
 .plt           0x0000000000000150        0x0 /home/vidar/devkitPro/devkitA64/bin/../lib/gcc/aarch64-none-elf/7.3.0/pic/crti.o
 *(.iplt)
                0x0000000000000150                . = ALIGN (0x8)

.text           0x0000000000000180     0xe998
 *(.text.unlikely .text.*_unlikely .text.unlikely.*)
 *(.text.exit .text.exit.*)
 *(.text.startup .text.startup.*)
 .text.startup  0x0000000000000180      0x134 main.o
                0x0000000000000180                main
 *(.text.hot .text.hot.*)
 *(.text .stub .text.* .gnu.linkonce.t.*)
 *fill*         0x00000000000002b4        0x4 
 .text.deregister_tm_clones
                0x00000000000002b8       0x2c /home/vidar/devkitPro/devkitA64/bin/../lib/gcc/aarch64-none-elf/7.3.0/pic/crtbegin.o
 *fill*         0x00000000000002e4        0x4 
 .text.register_tm_clones
                0x00000000000002e8       0x3c /home/vidar/devkitPro/devkitA64/bin/../lib/gcc/aarch64-none-elf/7.3.0/pic/crtbegin.o
 *fill*         0x0000000000000324        0x4 
 .text.__do_global_dtors_aux
                0x0000000000000328       0x48 /home/vidar/devkitPro/devkitA64/bin/../lib/gcc/aarch64-none-elf/7.3.0/pic/crtbegin.o
 .text.frame_dummy
                0x0000000000000370       0x34 /home/vidar/devkitPro/devkitA64/bin/../lib/gcc/aarch64-none-elf/7.3.0/pic/crtbegin.o
 *fill*         0x00000000000003a4        0xc 
 .text          0x00000000000003b0      0x22c main.o
                0x00000000000003b0                mandelbrot
                0x0000000000000540                initColors
 *fill*         0x00000000000005dc        0x4 
 .text          0x00000000000005e0      0x444 font.o
                0x0000000000000a10                DrawText
                0x0000000000000a20                DrawTextTruncate
 *fill*         0x0000000000000a24        0xc 
 .text._appletGetPerformanceMode.constprop.12
                0x0000000000000a30       0xe0 /home/vidar/devkitPro/libnx/lib/libnx.a(applet.o)
 .text._appletReceiveMessage
                0x0000000000000b10       0xe8 /home/vidar/devkitPro/libnx/lib/libnx.a(applet.o)
 *fill*         0x0000000000000bf8        0x8 
 .text._appletGetOperationMode.constprop.11
                0x0000000000000c00       0xe0 /home/vidar/devkitPro/libnx/lib/libnx.a(applet.o)
 .text._appletGetHandle
                0x0000000000000ce0      0x120 /home/vidar/devkitPro/libnx/lib/libnx.a(applet.o)
 .text._appletGetCurrentFocusState.constprop.13
                0x0000000000000e00       0xe0 /home/vidar/devkitPro/libnx/lib/libnx.a(applet.o)
 .text.appletExit
                0x0000000000000ee0      0x288 /home/vidar/devkitPro/libnx/lib/libnx.a(applet.o)
                0x0000000000000ee0                appletExit
 *fill*         0x0000000000001168        0x8 
 .text.appletHook
                0x0000000000001170       0x28 /home/vidar/devkitPro/libnx/lib/libnx.a(applet.o)
                0x0000000000001170                appletHook
 *fill*         0x0000000000001198        0x8 
 .text.appletUnhook
                0x00000000000011a0       0x34 /home/vidar/devkitPro/libnx/lib/libnx.a(applet.o)
                0x00000000000011a0                appletUnhook
 *fill*         0x00000000000011d4        0xc 
 .text.appletGetAppletResourceUserId
                0x00000000000011e0       0x28 /home/vidar/devkitPro/libnx/lib/libnx.a(applet.o)
                0x00000000000011e0                appletGetAppletResourceUserId
 *fill*         0x0000000000001208        0x8 
 .text.appletNotifyRunning
                0x0000000000001210      0x11c /home/vidar/devkitPro/libnx/lib/libnx.a(applet.o)
                0x0000000000001210                appletNotifyRunning
 *fill*         0x000000000000132c        0x4 
 .text.appletInitialize
                0x0000000000001330      0xa9c /home/vidar/devkitPro/libnx/lib/libnx.a(applet.o)
                0x0000000000001330                appletInitialize
 *fill*         0x0000000000001dcc        0x4 
 .text.appletSetScreenShotPermission
                0x0000000000001dd0       0xcc /home/vidar/devkitPro/libnx/lib/libnx.a(applet.o)
                0x0000000000001dd0                appletSetScreenShotPermission
 *fill*         0x0000000000001e9c        0x4 
 .text.appletCreateManagedDisplayLayer
                0x0000000000001ea0       0xe8 /home/vidar/devkitPro/libnx/lib/libnx.a(applet.o)
                0x0000000000001ea0                appletCreateManagedDisplayLayer
 *fill*         0x0000000000001f88        0x8 
 .text.appletGetOperationMode
                0x0000000000001f90        0xc /home/vidar/devkitPro/libnx/lib/libnx.a(applet.o)
                0x0000000000001f90                appletGetOperationMode
 *fill*         0x0000000000001f9c        0x4 
 .text.appletMainLoop
                0x0000000000001fa0      0x15c /home/vidar/devkitPro/libnx/lib/libnx.a(applet.o)
                0x0000000000001fa0                appletMainLoop
 *fill*         0x00000000000020fc        0x4 
 .text._hidCreateAppletResource.constprop.4
                0x0000000000002100      0x130 /home/vidar/devkitPro/libnx/lib/libnx.a(hid.o)
 .text._hidGetSharedMemoryHandle.constprop.5
                0x0000000000002230      0x128 /home/vidar/devkitPro/libnx/lib/libnx.a(hid.o)
 *fill*         0x0000000000002358        0x8 
 .text.hidExit  0x0000000000002360       0x6c /home/vidar/devkitPro/libnx/lib/libnx.a(hid.o)
                0x0000000000002360                hidExit
 *fill*         0x00000000000023cc        0x4 
 .text.hidReset
                0x00000000000023d0      0x1a4 /home/vidar/devkitPro/libnx/lib/libnx.a(hid.o)
                0x00000000000023d0                hidReset
 *fill*         0x0000000000002574        0xc 
 .text.hidInitialize
                0x0000000000002580       0xb0 /home/vidar/devkitPro/libnx/lib/libnx.a(hid.o)
                0x0000000000002580                hidInitialize
 .text.hidGetSharedmemAddr
                0x0000000000002630        0xc /home/vidar/devkitPro/libnx/lib/libnx.a(hid.o)
                0x0000000000002630                hidGetSharedmemAddr
 *fill*         0x000000000000263c        0x4 
 .text.hidKeysDown
                0x0000000000002640       0x6c /home/vidar/devkitPro/libnx/lib/libnx.a(hid.o)
                0x0000000000002640                hidKeysDown
 *fill*         0x00000000000026ac        0x4 
 .text.hidTouchCount
                0x00000000000026b0        0xc /home/vidar/devkitPro/libnx/lib/libnx.a(hid.o)
                0x00000000000026b0                hidTouchCount
 *fill*         0x00000000000026bc        0x4 
 .text.hidScanInput
                0x00000000000026c0      0x480 /home/vidar/devkitPro/libnx/lib/libnx.a(hid.o)
                0x00000000000026c0                hidScanInput
 .text.smAddOverrideHandle
                0x0000000000002b40       0x44 /home/vidar/devkitPro/libnx/lib/libnx.a(sm.o)
                0x0000000000002b40                smAddOverrideHandle
 *fill*         0x0000000000002b84        0xc 
 .text.smGetServiceOverride
                0x0000000000002b90       0x64 /home/vidar/devkitPro/libnx/lib/libnx.a(sm.o)
                0x0000000000002b90                smGetServiceOverride
 *fill*         0x0000000000002bf4        0xc 
 .text.smHasInitialized
                0x0000000000002c00       0x14 /home/vidar/devkitPro/libnx/lib/libnx.a(sm.o)
                0x0000000000002c00                smHasInitialized
 *fill*         0x0000000000002c14        0xc 
 .text.smExit   0x0000000000002c20       0x28 /home/vidar/devkitPro/libnx/lib/libnx.a(sm.o)
                0x0000000000002c20                smExit
 *fill*         0x0000000000002c48        0x8 
 .text.smEncodeName
                0x0000000000002c50       0x34 /home/vidar/devkitPro/libnx/lib/libnx.a(sm.o)
                0x0000000000002c50                smEncodeName
 *fill*         0x0000000000002c84        0xc 
 .text.smGetServiceOriginal
                0x0000000000002c90      0x128 /home/vidar/devkitPro/libnx/lib/libnx.a(sm.o)
                0x0000000000002c90                smGetServiceOriginal
 *fill*         0x0000000000002db8        0x8 
 .text.smInitialize
                0x0000000000002dc0      0x148 /home/vidar/devkitPro/libnx/lib/libnx.a(sm.o)
                0x0000000000002dc0                smInitialize
 *fill*         0x0000000000002f08        0x8 
 .text.smGetService
                0x0000000000002f10       0x68 /home/vidar/devkitPro/libnx/lib/libnx.a(sm.o)
                0x0000000000002f10                smGetService
 *fill*         0x0000000000002f78        0x8 
 .text._apmGetSession.constprop.2
                0x0000000000002f80      0x128 /home/vidar/devkitPro/libnx/lib/libnx.a(apm.o)
 *fill*         0x00000000000030a8        0x8 
 .text.apmExit  0x00000000000030b0       0x64 /home/vidar/devkitPro/libnx/lib/libnx.a(apm.o)
                0x00000000000030b0                apmExit
 *fill*         0x0000000000003114        0xc 
 .text.apmInitialize
                0x0000000000003120       0x74 /home/vidar/devkitPro/libnx/lib/libnx.a(apm.o)
                0x0000000000003120                apmInitialize
 *fill*         0x0000000000003194        0xc 
 .text.apmSetPerformanceConfiguration
                0x00000000000031a0       0xcc /home/vidar/devkitPro/libnx/lib/libnx.a(apm.o)
                0x00000000000031a0                apmSetPerformanceConfiguration
 *fill*         0x000000000000326c        0x4 
 .text.fatalSimple
                0x0000000000003270       0xbc /home/vidar/devkitPro/libnx/lib/libnx.a(fatal.o)
                0x0000000000003270                fatalSimple
 *fill*         0x000000000000332c        0x4 
 .text._gfxDequeueBuffer.part.0
                0x0000000000003330       0xbc /home/vidar/devkitPro/libnx/lib/libnx.a(gfx.o)
 *fill*         0x00000000000033ec        0x4 
 .text._gfxQueueBuffer.part.1
                0x00000000000033f0       0x38 /home/vidar/devkitPro/libnx/lib/libnx.a(gfx.o)
 *fill*         0x0000000000003428        0x8 
 .text.gfxConfigureCrop
                0x0000000000003430       0xe8 /home/vidar/devkitPro/libnx/lib/libnx.a(gfx.o)
                0x0000000000003430                gfxConfigureCrop
 *fill*         0x0000000000003518        0x8 
 .text.gfxConfigureResolution
                0x0000000000003520       0x14 /home/vidar/devkitPro/libnx/lib/libnx.a(gfx.o)
                0x0000000000003520                gfxConfigureResolution
 *fill*         0x0000000000003534        0xc 
 .text._gfxAutoResolutionAppletHook
                0x0000000000003540       0x68 /home/vidar/devkitPro/libnx/lib/libnx.a(gfx.o)
 *fill*         0x00000000000035a8        0x8 
 .text.gfxConfigureAutoResolution
                0x00000000000035b0      0x11c /home/vidar/devkitPro/libnx/lib/libnx.a(gfx.o)
                0x00000000000035b0                gfxConfigureAutoResolution
 *fill*         0x00000000000036cc        0x4 
 .text.gfxExit  0x00000000000036d0      0x194 /home/vidar/devkitPro/libnx/lib/libnx.a(gfx.o)
                0x00000000000036d0                gfxExit
 *fill*         0x0000000000003864        0xc 
 .text._gfxGraphicBufferInit
                0x0000000000003870       0x54 /home/vidar/devkitPro/libnx/lib/libnx.a(gfx.o)
                0x0000000000003870                _gfxGraphicBufferInit
 *fill*         0x00000000000038c4        0xc 
 .text.gfxWaitForVsync
                0x00000000000038d0       0x80 /home/vidar/devkitPro/libnx/lib/libnx.a(gfx.o)
                0x00000000000038d0                gfxWaitForVsync
 .text.gfxInitDefault
                0x0000000000003950      0x5d0 /home/vidar/devkitPro/libnx/lib/libnx.a(gfx.o)
                0x0000000000003950                gfxInitDefault
 .text.gfxSwapBuffers
                0x0000000000003f20       0x60 /home/vidar/devkitPro/libnx/lib/libnx.a(gfx.o)
                0x0000000000003f20                gfxSwapBuffers
 .text.gfxGetFramebuffer
                0x0000000000003f80       0x6c /home/vidar/devkitPro/libnx/lib/libnx.a(gfx.o)
                0x0000000000003f80                gfxGetFramebuffer
 *fill*         0x0000000000003fec        0x4 
 .text.gfxGetFramebufferSize
                0x0000000000003ff0       0x30 /home/vidar/devkitPro/libnx/lib/libnx.a(gfx.o)
                0x0000000000003ff0                gfxGetFramebufferSize
 .text.gfxFlushBuffers
                0x0000000000004020      0x118 /home/vidar/devkitPro/libnx/lib/libnx.a(gfx.o)
                0x0000000000004020                gfxFlushBuffers
 .text.armDCacheFlush
                0x0000000000004138       0x3c /home/vidar/devkitPro/libnx/lib/libnx.a(cache.o)
                0x0000000000004138                armDCacheFlush
 .text.svcSetHeapSize
                0x0000000000004174       0x14 /home/vidar/devkitPro/libnx/lib/libnx.a(svc.o)
                0x0000000000004174                svcSetHeapSize
 .text.svcUnmapMemory
                0x0000000000004188        0x8 /home/vidar/devkitPro/libnx/lib/libnx.a(svc.o)
                0x0000000000004188                svcUnmapMemory
 .text.svcQueryMemory
                0x0000000000004190       0x14 /home/vidar/devkitPro/libnx/lib/libnx.a(svc.o)
                0x0000000000004190                svcQueryMemory
 .text.svcExitProcess
                0x00000000000041a4        0x8 /home/vidar/devkitPro/libnx/lib/libnx.a(svc.o)
                0x00000000000041a4                svcExitProcess
 .text.svcSleepThread
                0x00000000000041ac        0x8 /home/vidar/devkitPro/libnx/lib/libnx.a(svc.o)
                0x00000000000041ac                svcSleepThread
 .text.svcMapSharedMemory
                0x00000000000041b4        0x8 /home/vidar/devkitPro/libnx/lib/libnx.a(svc.o)
                0x00000000000041b4                svcMapSharedMemory
 .text.svcUnmapSharedMemory
                0x00000000000041bc        0x8 /home/vidar/devkitPro/libnx/lib/libnx.a(svc.o)
                0x00000000000041bc                svcUnmapSharedMemory
 .text.svcCreateTransferMemory
                0x00000000000041c4       0x14 /home/vidar/devkitPro/libnx/lib/libnx.a(svc.o)
                0x00000000000041c4                svcCreateTransferMemory
 .text.svcCloseHandle
                0x00000000000041d8        0x8 /home/vidar/devkitPro/libnx/lib/libnx.a(svc.o)
                0x00000000000041d8                svcCloseHandle
 .text.svcResetSignal
                0x00000000000041e0        0x8 /home/vidar/devkitPro/libnx/lib/libnx.a(svc.o)
                0x00000000000041e0                svcResetSignal
 .text.svcWaitSynchronization
                0x00000000000041e8       0x14 /home/vidar/devkitPro/libnx/lib/libnx.a(svc.o)
                0x00000000000041e8                svcWaitSynchronization
 .text.svcArbitrateLock
                0x00000000000041fc        0x8 /home/vidar/devkitPro/libnx/lib/libnx.a(svc.o)
                0x00000000000041fc                svcArbitrateLock
 .text.svcArbitrateUnlock
                0x0000000000004204        0x8 /home/vidar/devkitPro/libnx/lib/libnx.a(svc.o)
                0x0000000000004204                svcArbitrateUnlock
 .text.svcConnectToNamedPort
                0x000000000000420c       0x14 /home/vidar/devkitPro/libnx/lib/libnx.a(svc.o)
                0x000000000000420c                svcConnectToNamedPort
 .text.svcGetSystemTick
                0x0000000000004220        0x8 /home/vidar/devkitPro/libnx/lib/libnx.a(svc.o)
                0x0000000000004220                svcGetSystemTick
 .text.svcSendSyncRequest
                0x0000000000004228        0x8 /home/vidar/devkitPro/libnx/lib/libnx.a(svc.o)
                0x0000000000004228                svcSendSyncRequest
 .text.svcBreak
                0x0000000000004230        0x8 /home/vidar/devkitPro/libnx/lib/libnx.a(svc.o)
                0x0000000000004230                svcBreak
 .text.svcGetInfo
                0x0000000000004238       0x14 /home/vidar/devkitPro/libnx/lib/libnx.a(svc.o)
                0x0000000000004238                svcGetInfo
 .text.svcUnmapTransferMemory
                0x000000000000424c        0x8 /home/vidar/devkitPro/libnx/lib/libnx.a(svc.o)
                0x000000000000424c                svcUnmapTransferMemory
 *fill*         0x0000000000004254        0xc 
 .text.__nx_dynamic
                0x0000000000004260       0xac /home/vidar/devkitPro/libnx/lib/libnx.a(dynamic.o)
                0x0000000000004260                __nx_dynamic
 *fill*         0x000000000000430c        0x4 
 .text.__libnx_initheap
                0x0000000000004310       0xdc /home/vidar/devkitPro/libnx/lib/libnx.a(init.o)
                0x0000000000004310                __libnx_initheap
 *fill*         0x00000000000043ec        0x4 
 .text.__appInit
                0x00000000000043f0       0x64 /home/vidar/devkitPro/libnx/lib/libnx.a(init.o)
                0x00000000000043f0                __appInit
 *fill*         0x0000000000004454        0xc 
 .text.__appExit
                0x0000000000004460       0x20 /home/vidar/devkitPro/libnx/lib/libnx.a(init.o)
                0x0000000000004460                __appExit
 .text.__libnx_init
                0x0000000000004480       0x28 /home/vidar/devkitPro/libnx/lib/libnx.a(init.o)
                0x0000000000004480                __libnx_init
 *fill*         0x00000000000044a8        0x8 
 .text.__libnx_exit
                0x00000000000044b0       0x20 /home/vidar/devkitPro/libnx/lib/libnx.a(init.o)
                0x00000000000044b0                __libnx_exit
 .text.envSetup
                0x00000000000044d0      0x1ac /home/vidar/devkitPro/libnx/lib/libnx.a(env.o)
                0x00000000000044d0                envSetup
 *fill*         0x000000000000467c        0x4 
 .text.envGetMainThreadHandle
                0x0000000000004680       0x20 /home/vidar/devkitPro/libnx/lib/libnx.a(env.o)
                0x0000000000004680                envGetMainThreadHandle
 .text.envIsNso
                0x00000000000046a0        0xc /home/vidar/devkitPro/libnx/lib/libnx.a(env.o)
                0x00000000000046a0                envIsNso
 *fill*         0x00000000000046ac        0x4 
 .text.envHasHeapOverride
                0x00000000000046b0       0x14 /home/vidar/devkitPro/libnx/lib/libnx.a(env.o)
                0x00000000000046b0                envHasHeapOverride
 *fill*         0x00000000000046c4        0xc 
 .text.envGetHeapOverrideAddr
                0x00000000000046d0        0xc /home/vidar/devkitPro/libnx/lib/libnx.a(env.o)
                0x00000000000046d0                envGetHeapOverrideAddr
 *fill*         0x00000000000046dc        0x4 
 .text.envGetHeapOverrideSize
                0x00000000000046e0        0xc /home/vidar/devkitPro/libnx/lib/libnx.a(env.o)
                0x00000000000046e0                envGetHeapOverrideSize
 *fill*         0x00000000000046ec        0x4 
 .text.envHasArgv
                0x00000000000046f0       0x14 /home/vidar/devkitPro/libnx/lib/libnx.a(env.o)
                0x00000000000046f0                envHasArgv
 *fill*         0x0000000000004704        0xc 
 .text.envGetArgv
                0x0000000000004710        0xc /home/vidar/devkitPro/libnx/lib/libnx.a(env.o)
                0x0000000000004710                envGetArgv
 *fill*         0x000000000000471c        0x4 
 .text.envGetExitFuncPtr
                0x0000000000004720        0xc /home/vidar/devkitPro/libnx/lib/libnx.a(env.o)
                0x0000000000004720                envGetExitFuncPtr
 *fill*         0x000000000000472c        0x4 
 .text.mutexInit
                0x0000000000004730        0x8 /home/vidar/devkitPro/libnx/lib/libnx.a(newlib.o)
 *fill*         0x0000000000004738        0x8 
 .text.rmutexInit
                0x0000000000004740        0xc /home/vidar/devkitPro/libnx/lib/libnx.a(newlib.o)
 *fill*         0x000000000000474c        0x4 
 .text.__libnx_get_reent
                0x0000000000004750       0x34 /home/vidar/devkitPro/libnx/lib/libnx.a(newlib.o)
 *fill*         0x0000000000004784        0xc 
 .text.newlibSetup
                0x0000000000004790       0xe4 /home/vidar/devkitPro/libnx/lib/libnx.a(newlib.o)
                0x0000000000004790                newlibSetup
 *fill*         0x0000000000004874        0xc 
 .text.argvSetup
                0x0000000000004880      0x370 /home/vidar/devkitPro/libnx/lib/libnx.a(argv.o)
                0x0000000000004880                argvSetup
 .text._CacheValues.part.0
                0x0000000000004bf0       0x98 /home/vidar/devkitPro/libnx/lib/libnx.a(detect.o)
 *fill*         0x0000000000004c88        0x8 
 .text.kernelAbove200
                0x0000000000004c90       0x34 /home/vidar/devkitPro/libnx/lib/libnx.a(detect.o)
                0x0000000000004c90                kernelAbove200
 *fill*         0x0000000000004cc4        0xc 
 .text.kernelAbove300
                0x0000000000004cd0       0x34 /home/vidar/devkitPro/libnx/lib/libnx.a(detect.o)
                0x0000000000004cd0                kernelAbove300
 *fill*         0x0000000000004d04        0xc 
 .text.detectDebugger
                0x0000000000004d10       0x30 /home/vidar/devkitPro/libnx/lib/libnx.a(detect.o)
                0x0000000000004d10                detectDebugger
 .text.shmemLoadRemote
                0x0000000000004d40       0x14 /home/vidar/devkitPro/libnx/lib/libnx.a(shmem.o)
                0x0000000000004d40                shmemLoadRemote
 *fill*         0x0000000000004d54        0xc 
 .text.shmemMap
                0x0000000000004d60       0x9c /home/vidar/devkitPro/libnx/lib/libnx.a(shmem.o)
                0x0000000000004d60                shmemMap
 *fill*         0x0000000000004dfc        0x4 
 .text.shmemUnmap
                0x0000000000004e00       0x48 /home/vidar/devkitPro/libnx/lib/libnx.a(shmem.o)
                0x0000000000004e00                shmemUnmap
 *fill*         0x0000000000004e48        0x8 
 .text.shmemClose
                0x0000000000004e50       0x40 /home/vidar/devkitPro/libnx/lib/libnx.a(shmem.o)
                0x0000000000004e50                shmemClose
 .text.rwlockReadLock
                0x0000000000004e90       0x3c /home/vidar/devkitPro/libnx/lib/libnx.a(rwlock.o)
                0x0000000000004e90                rwlockReadLock
 *fill*         0x0000000000004ecc        0x4 
 .text.rwlockReadUnlock
                0x0000000000004ed0       0x50 /home/vidar/devkitPro/libnx/lib/libnx.a(rwlock.o)
                0x0000000000004ed0                rwlockReadUnlock
 .text.rwlockWriteLock
                0x0000000000004f20        0x8 /home/vidar/devkitPro/libnx/lib/libnx.a(rwlock.o)
                0x0000000000004f20                rwlockWriteLock
 *fill*         0x0000000000004f28        0x8 
 .text.rwlockWriteUnlock
                0x0000000000004f30        0x8 /home/vidar/devkitPro/libnx/lib/libnx.a(rwlock.o)
                0x0000000000004f30                rwlockWriteUnlock
 *fill*         0x0000000000004f38        0x8 
 .text.mutexLock
                0x0000000000004f40       0x94 /home/vidar/devkitPro/libnx/lib/libnx.a(mutex.o)
                0x0000000000004f40                mutexLock
 *fill*         0x0000000000004fd4        0xc 
 .text.mutexUnlock
                0x0000000000004fe0       0x24 /home/vidar/devkitPro/libnx/lib/libnx.a(mutex.o)
                0x0000000000004fe0                mutexUnlock
 *fill*         0x0000000000005004        0xc 
 .text.rmutexLock
                0x0000000000005010       0x4c /home/vidar/devkitPro/libnx/lib/libnx.a(mutex.o)
                0x0000000000005010                rmutexLock
 *fill*         0x000000000000505c        0x4 
 .text.rmutexUnlock
                0x0000000000005060       0x20 /home/vidar/devkitPro/libnx/lib/libnx.a(mutex.o)
                0x0000000000005060                rmutexUnlock
 .text._GetRegionFromInfo
                0x0000000000005080       0x68 /home/vidar/devkitPro/libnx/lib/libnx.a(virtmem.o)
 *fill*         0x00000000000050e8        0x8 
 .text.virtmemSetup
                0x00000000000050f0       0xd4 /home/vidar/devkitPro/libnx/lib/libnx.a(virtmem.o)
                0x00000000000050f0                virtmemSetup
 *fill*         0x00000000000051c4        0xc 
 .text.virtmemReserve
                0x00000000000051d0      0x13c /home/vidar/devkitPro/libnx/lib/libnx.a(virtmem.o)
                0x00000000000051d0                virtmemReserve
 *fill*         0x000000000000530c        0x4 
 .text.virtmemFree
                0x0000000000005310        0x4 /home/vidar/devkitPro/libnx/lib/libnx.a(virtmem.o)
                0x0000000000005310                virtmemFree
 *fill*         0x0000000000005314        0xc 
 .text.fsdev_link
                0x0000000000005320       0x10 /home/vidar/devkitPro/libnx/lib/libnx.a(fs_dev.o)
 .text.fsdev_dirreset
                0x0000000000005330       0x10 /home/vidar/devkitPro/libnx/lib/libnx.a(fs_dev.o)
 .text.fsdev_chmod
                0x0000000000005340       0x10 /home/vidar/devkitPro/libnx/lib/libnx.a(fs_dev.o)
 .text.error_cmp
                0x0000000000005350       0x20 /home/vidar/devkitPro/libnx/lib/libnx.a(fs_dev.o)
 .text.fsdev_translate_error
                0x0000000000005370       0x60 /home/vidar/devkitPro/libnx/lib/libnx.a(fs_dev.o)
 .text.fsdev_fsync
                0x00000000000053d0       0x40 /home/vidar/devkitPro/libnx/lib/libnx.a(fs_dev.o)
 .text.fsdev_ftruncate
                0x0000000000005410       0x64 /home/vidar/devkitPro/libnx/lib/libnx.a(fs_dev.o)
 *fill*         0x0000000000005474        0xc 
 .text.fsdev_dirclose
                0x0000000000005480       0x20 /home/vidar/devkitPro/libnx/lib/libnx.a(fs_dev.o)
 .text.fsdev_dirnext
                0x00000000000054a0      0x184 /home/vidar/devkitPro/libnx/lib/libnx.a(fs_dev.o)
 *fill*         0x0000000000005624        0xc 
 .text.fsdev_close
                0x0000000000005630       0x1c /home/vidar/devkitPro/libnx/lib/libnx.a(fs_dev.o)
 *fill*         0x000000000000564c        0x4 
 .text.fsdev_fstat
                0x0000000000005650       0x80 /home/vidar/devkitPro/libnx/lib/libnx.a(fs_dev.o)
 .text.fsdev_seek
                0x00000000000056d0       0xb8 /home/vidar/devkitPro/libnx/lib/libnx.a(fs_dev.o)
 *fill*         0x0000000000005788        0x8 
 .text.fsdevFindDevice
                0x0000000000005790      0x108 /home/vidar/devkitPro/libnx/lib/libnx.a(fs_dev.o)
 *fill*         0x0000000000005898        0x8 
 .text._fsdevMountDevice
                0x00000000000058a0      0x128 /home/vidar/devkitPro/libnx/lib/libnx.a(fs_dev.o)
 *fill*         0x00000000000059c8        0x8 
 .text._fsdevUnmountDeviceStruct.part.1
                0x00000000000059d0       0xb0 /home/vidar/devkitPro/libnx/lib/libnx.a(fs_dev.o)
 .text.fsdev_getfspath
                0x0000000000005a80      0x208 /home/vidar/devkitPro/libnx/lib/libnx.a(fs_dev.o)
 *fill*         0x0000000000005c88        0x8 
 .text.fsdev_rmdir
                0x0000000000005c90       0x70 /home/vidar/devkitPro/libnx/lib/libnx.a(fs_dev.o)
 .text.fsdev_statvfs
                0x0000000000005d00       0xd8 /home/vidar/devkitPro/libnx/lib/libnx.a(fs_dev.o)
 *fill*         0x0000000000005dd8        0x8 
 .text.fsdev_diropen
                0x0000000000005de0       0xb8 /home/vidar/devkitPro/libnx/lib/libnx.a(fs_dev.o)
 *fill*         0x0000000000005e98        0x8 
 .text.fsdev_chdir
                0x0000000000005ea0       0xc4 /home/vidar/devkitPro/libnx/lib/libnx.a(fs_dev.o)
 *fill*         0x0000000000005f64        0xc 
 .text.fsdev_mkdir
                0x0000000000005f70       0x70 /home/vidar/devkitPro/libnx/lib/libnx.a(fs_dev.o)
 .text.fsdev_rename
                0x0000000000005fe0      0x13c /home/vidar/devkitPro/libnx/lib/libnx.a(fs_dev.o)
 *fill*         0x000000000000611c        0x4 
 .text.fsdev_unlink
                0x0000000000006120       0x70 /home/vidar/devkitPro/libnx/lib/libnx.a(fs_dev.o)
 .text.fsdev_stat
                0x0000000000006190      0x174 /home/vidar/devkitPro/libnx/lib/libnx.a(fs_dev.o)
 *fill*         0x0000000000006304        0xc 
 .text.fsdev_open
                0x0000000000006310      0x1ac /home/vidar/devkitPro/libnx/lib/libnx.a(fs_dev.o)
 *fill*         0x00000000000064bc        0x4 
 .text.fsdev_read
                0x00000000000064c0      0x1b4 /home/vidar/devkitPro/libnx/lib/libnx.a(fs_dev.o)
 *fill*         0x0000000000006674        0xc 
 .text.fsdev_write
                0x0000000000006680      0x1d0 /home/vidar/devkitPro/libnx/lib/libnx.a(fs_dev.o)
 .text.fsdev_fchmod
                0x0000000000006850       0x10 /home/vidar/devkitPro/libnx/lib/libnx.a(fs_dev.o)
 .text.fsdevInit
                0x0000000000006860      0x1f0 /home/vidar/devkitPro/libnx/lib/libnx.a(fs_dev.o)
                0x0000000000006860                fsdevInit
 .text.fsdevExit
                0x0000000000006a50       0x70 /home/vidar/devkitPro/libnx/lib/libnx.a(fs_dev.o)
                0x0000000000006a50                fsdevExit
 .text._nvSetClientPID
                0x0000000000006ac0       0xd4 /home/vidar/devkitPro/libnx/lib/libnx.a(nv.o)
 *fill*         0x0000000000006b94        0xc 
 .text._nvInitialize.constprop.4
                0x0000000000006ba0       0xec /home/vidar/devkitPro/libnx/lib/libnx.a(nv.o)
 *fill*         0x0000000000006c8c        0x4 
 .text.nvExit   0x0000000000006c90       0x84 /home/vidar/devkitPro/libnx/lib/libnx.a(nv.o)
                0x0000000000006c90                nvExit
 *fill*         0x0000000000006d14        0xc 
 .text.nvInitialize
                0x0000000000006d20      0x22c /home/vidar/devkitPro/libnx/lib/libnx.a(nv.o)
                0x0000000000006d20                nvInitialize
 *fill*         0x0000000000006f4c        0x4 
 .text.nvConvertError
                0x0000000000006f50      0x120 /home/vidar/devkitPro/libnx/lib/libnx.a(nv.o)
                0x0000000000006f50                nvConvertError
 .text.nvOpen   0x0000000000007070      0x124 /home/vidar/devkitPro/libnx/lib/libnx.a(nv.o)
                0x0000000000007070                nvOpen
 *fill*         0x0000000000007194        0xc 
 .text.nvIoctl  0x00000000000071a0      0x1b8 /home/vidar/devkitPro/libnx/lib/libnx.a(nv.o)
                0x00000000000071a0                nvIoctl
 *fill*         0x0000000000007358        0x8 
 .text.nvClose  0x0000000000007360       0xd8 /home/vidar/devkitPro/libnx/lib/libnx.a(nv.o)
                0x0000000000007360                nvClose
 *fill*         0x0000000000007438        0x8 
 .text.nvQueryEvent
                0x0000000000007440      0x140 /home/vidar/devkitPro/libnx/lib/libnx.a(nv.o)
                0x0000000000007440                nvQueryEvent
 .text._viGetSession.constprop.5
                0x0000000000007580      0x138 /home/vidar/devkitPro/libnx/lib/libnx.a(vi.o)
 *fill*         0x00000000000076b8        0x8 
 .text._viCreatestray_layer.isra.4
                0x00000000000076c0      0x130 /home/vidar/devkitPro/libnx/lib/libnx.a(vi.o)
 .text._viOpenLayer
                0x00000000000077f0      0x138 /home/vidar/devkitPro/libnx/lib/libnx.a(vi.o)
 *fill*         0x0000000000007928        0x8 
 .text.viExit   0x0000000000007930       0xf4 /home/vidar/devkitPro/libnx/lib/libnx.a(vi.o)
                0x0000000000007930                viExit
 *fill*         0x0000000000007a24        0xc 
 .text.viInitialize
                0x0000000000007a30      0x29c /home/vidar/devkitPro/libnx/lib/libnx.a(vi.o)
                0x0000000000007a30                viInitialize
 *fill*         0x0000000000007ccc        0x4 
 .text.viGetSession_IHOSBinderDriverRelay
                0x0000000000007cd0        0xc /home/vidar/devkitPro/libnx/lib/libnx.a(vi.o)
                0x0000000000007cd0                viGetSession_IHOSBinderDriverRelay
 *fill*         0x0000000000007cdc        0x4 
 .text.viOpenDisplay
                0x0000000000007ce0      0x140 /home/vidar/devkitPro/libnx/lib/libnx.a(vi.o)
                0x0000000000007ce0                viOpenDisplay
 .text.viCloseDisplay
                0x0000000000007e20       0xf4 /home/vidar/devkitPro/libnx/lib/libnx.a(vi.o)
                0x0000000000007e20                viCloseDisplay
 *fill*         0x0000000000007f14        0xc 
 .text.viOpenLayer
                0x0000000000007f20       0xe0 /home/vidar/devkitPro/libnx/lib/libnx.a(vi.o)
                0x0000000000007f20                viOpenLayer
 .text.viCloseLayer
                0x0000000000008000      0x104 /home/vidar/devkitPro/libnx/lib/libnx.a(vi.o)
                0x0000000000008000                viCloseLayer
 *fill*         0x0000000000008104        0xc 
 .text.viSetLayerScalingMode
                0x0000000000008110       0xe4 /home/vidar/devkitPro/libnx/lib/libnx.a(vi.o)
                0x0000000000008110                viSetLayerScalingMode
 *fill*         0x00000000000081f4        0xc 
 .text.viGetDisplayVsyncEvent
                0x0000000000008200      0x130 /home/vidar/devkitPro/libnx/lib/libnx.a(vi.o)
                0x0000000000008200                viGetDisplayVsyncEvent
 .text.fsInitialize
                0x0000000000008330      0x108 /home/vidar/devkitPro/libnx/lib/libnx.a(fs.o)
                0x0000000000008330                fsInitialize
 *fill*         0x0000000000008438        0x8 
 .text.fsExit   0x0000000000008440       0x3c /home/vidar/devkitPro/libnx/lib/libnx.a(fs.o)
                0x0000000000008440                fsExit
 *fill*         0x000000000000847c        0x4 
 .text.fsMountSdcard
                0x0000000000008480      0x128 /home/vidar/devkitPro/libnx/lib/libnx.a(fs.o)
                0x0000000000008480                fsMountSdcard
 *fill*         0x00000000000085a8        0x8 
 .text.fsFsCreateFile
                0x00000000000085b0       0xf8 /home/vidar/devkitPro/libnx/lib/libnx.a(fs.o)
                0x00000000000085b0                fsFsCreateFile
 *fill*         0x00000000000086a8        0x8 
 .text.fsFsDeleteFile
                0x00000000000086b0       0xf0 /home/vidar/devkitPro/libnx/lib/libnx.a(fs.o)
                0x00000000000086b0                fsFsDeleteFile
 .text.fsFsCreateDirectory
                0x00000000000087a0       0xf0 /home/vidar/devkitPro/libnx/lib/libnx.a(fs.o)
                0x00000000000087a0                fsFsCreateDirectory
 .text.fsFsDeleteDirectory
                0x0000000000008890       0xf0 /home/vidar/devkitPro/libnx/lib/libnx.a(fs.o)
                0x0000000000008890                fsFsDeleteDirectory
 .text.fsFsRenameFile
                0x0000000000008980      0x110 /home/vidar/devkitPro/libnx/lib/libnx.a(fs.o)
                0x0000000000008980                fsFsRenameFile
 .text.fsFsRenameDirectory
                0x0000000000008a90      0x110 /home/vidar/devkitPro/libnx/lib/libnx.a(fs.o)
                0x0000000000008a90                fsFsRenameDirectory
 .text.fsFsGetEntryType
                0x0000000000008ba0      0x108 /home/vidar/devkitPro/libnx/lib/libnx.a(fs.o)
                0x0000000000008ba0                fsFsGetEntryType
 *fill*         0x0000000000008ca8        0x8 
 .text.fsFsOpenFile
                0x0000000000008cb0      0x158 /home/vidar/devkitPro/libnx/lib/libnx.a(fs.o)
                0x0000000000008cb0                fsFsOpenFile
 *fill*         0x0000000000008e08        0x8 
 .text.fsFsOpenDirectory
                0x0000000000008e10      0x148 /home/vidar/devkitPro/libnx/lib/libnx.a(fs.o)
                0x0000000000008e10                fsFsOpenDirectory
 *fill*         0x0000000000008f58        0x8 
 .text.fsFsGetFreeSpace
                0x0000000000008f60      0x108 /home/vidar/devkitPro/libnx/lib/libnx.a(fs.o)
                0x0000000000008f60                fsFsGetFreeSpace
 *fill*         0x0000000000009068        0x8 
 .text.fsFsGetTotalSpace
                0x0000000000009070      0x108 /home/vidar/devkitPro/libnx/lib/libnx.a(fs.o)
                0x0000000000009070                fsFsGetTotalSpace
 *fill*         0x0000000000009178        0x8 
 .text.fsFsClose
                0x0000000000009180        0x8 /home/vidar/devkitPro/libnx/lib/libnx.a(fs.o)
                0x0000000000009180                fsFsClose
 *fill*         0x0000000000009188        0x8 
 .text.fsFileRead
                0x0000000000009190      0x104 /home/vidar/devkitPro/libnx/lib/libnx.a(fs.o)
                0x0000000000009190                fsFileRead
 *fill*         0x0000000000009294        0xc 
 .text.fsFileWrite
                0x00000000000092a0       0xf4 /home/vidar/devkitPro/libnx/lib/libnx.a(fs.o)
                0x00000000000092a0                fsFileWrite
 *fill*         0x0000000000009394        0xc 
 .text.fsFileFlush
                0x00000000000093a0       0xc4 /home/vidar/devkitPro/libnx/lib/libnx.a(fs.o)
                0x00000000000093a0                fsFileFlush
 *fill*         0x0000000000009464        0xc 
 .text.fsFileSetSize
                0x0000000000009470       0xc4 /home/vidar/devkitPro/libnx/lib/libnx.a(fs.o)
                0x0000000000009470                fsFileSetSize
 *fill*         0x0000000000009534        0xc 
 .text.fsFileGetSize
                0x0000000000009540       0xec /home/vidar/devkitPro/libnx/lib/libnx.a(fs.o)
                0x0000000000009540                fsFileGetSize
 *fill*         0x000000000000962c        0x4 
 .text.fsFileClose
                0x0000000000009630        0x8 /home/vidar/devkitPro/libnx/lib/libnx.a(fs.o)
                0x0000000000009630                fsFileClose
 *fill*         0x0000000000009638        0x8 
 .text.fsDirClose
                0x0000000000009640        0x8 /home/vidar/devkitPro/libnx/lib/libnx.a(fs.o)
                0x0000000000009640                fsDirClose
 *fill*         0x0000000000009648        0x8 
 .text.fsDirRead
                0x0000000000009650      0x110 /home/vidar/devkitPro/libnx/lib/libnx.a(fs.o)
                0x0000000000009650                fsDirRead
 .text.bufferProducerInitialize
                0x0000000000009760       0x10 /home/vidar/devkitPro/libnx/lib/libnx.a(buffer_producer.o)
                0x0000000000009760                bufferProducerInitialize
 .text.bufferProducerExit
                0x0000000000009770        0xc /home/vidar/devkitPro/libnx/lib/libnx.a(buffer_producer.o)
                0x0000000000009770                bufferProducerExit
 *fill*         0x000000000000977c        0x4 
 .text.bufferProducerRequestBuffer
                0x0000000000009780      0x134 /home/vidar/devkitPro/libnx/lib/libnx.a(buffer_producer.o)
                0x0000000000009780                bufferProducerRequestBuffer
 *fill*         0x00000000000098b4        0xc 
 .text.bufferProducerDequeueBuffer
                0x00000000000098c0      0x1a0 /home/vidar/devkitPro/libnx/lib/libnx.a(buffer_producer.o)
                0x00000000000098c0                bufferProducerDequeueBuffer
 .text.bufferProducerDetachBuffer
                0x0000000000009a60       0x9c /home/vidar/devkitPro/libnx/lib/libnx.a(buffer_producer.o)
                0x0000000000009a60                bufferProducerDetachBuffer
 *fill*         0x0000000000009afc        0x4 
 .text.bufferProducerQueueBuffer
                0x0000000000009b00      0x120 /home/vidar/devkitPro/libnx/lib/libnx.a(buffer_producer.o)
                0x0000000000009b00                bufferProducerQueueBuffer
 .text.bufferProducerQuery
                0x0000000000009c20       0xdc /home/vidar/devkitPro/libnx/lib/libnx.a(buffer_producer.o)
                0x0000000000009c20                bufferProducerQuery
 *fill*         0x0000000000009cfc        0x4 
 .text.bufferProducerConnect
                0x0000000000009d00      0x12c /home/vidar/devkitPro/libnx/lib/libnx.a(buffer_producer.o)
                0x0000000000009d00                bufferProducerConnect
 *fill*         0x0000000000009e2c        0x4 
 .text.bufferProducerDisconnect
                0x0000000000009e30       0x9c /home/vidar/devkitPro/libnx/lib/libnx.a(buffer_producer.o)
                0x0000000000009e30                bufferProducerDisconnect
 *fill*         0x0000000000009ecc        0x4 
 .text.bufferProducerGraphicBufferInit
                0x0000000000009ed0      0x110 /home/vidar/devkitPro/libnx/lib/libnx.a(buffer_producer.o)
                0x0000000000009ed0                bufferProducerGraphicBufferInit
 .text._binderTransactParcelAuto
                0x0000000000009fe0      0x1ac /home/vidar/devkitPro/libnx/lib/libnx.a(binder.o)
 *fill*         0x000000000000a18c        0x4 
 .text._binderTransactParcel
                0x000000000000a190      0x13c /home/vidar/devkitPro/libnx/lib/libnx.a(binder.o)
 *fill*         0x000000000000a2cc        0x4 
 .text.binderCreateSession
                0x000000000000a2d0       0x18 /home/vidar/devkitPro/libnx/lib/libnx.a(binder.o)
                0x000000000000a2d0                binderCreateSession
 *fill*         0x000000000000a2e8        0x8 
 .text.binderTransactParcel
                0x000000000000a2f0       0x14 /home/vidar/devkitPro/libnx/lib/libnx.a(binder.o)
                0x000000000000a2f0                binderTransactParcel
 *fill*         0x000000000000a304        0xc 
 .text.binderAdjustRefcount
                0x000000000000a310       0xe4 /home/vidar/devkitPro/libnx/lib/libnx.a(binder.o)
                0x000000000000a310                binderAdjustRefcount
 *fill*         0x000000000000a3f4        0xc 
 .text.binderExitSession
                0x000000000000a400       0x70 /home/vidar/devkitPro/libnx/lib/libnx.a(binder.o)
                0x000000000000a400                binderExitSession
 .text.binderGetNativeHandle
                0x000000000000a470      0x138 /home/vidar/devkitPro/libnx/lib/libnx.a(binder.o)
                0x000000000000a470                binderGetNativeHandle
 *fill*         0x000000000000a5a8        0x8 
 .text.binderInitSession
                0x000000000000a5b0      0x1fc /home/vidar/devkitPro/libnx/lib/libnx.a(binder.o)
                0x000000000000a5b0                binderInitSession
 *fill*         0x000000000000a7ac        0x4 
 .text.parcelInitialize
                0x000000000000a7b0       0x28 /home/vidar/devkitPro/libnx/lib/libnx.a(parcel.o)
                0x000000000000a7b0                parcelInitialize
 *fill*         0x000000000000a7d8        0x8 
 .text.parcelTransact
                0x000000000000a7e0      0x1d0 /home/vidar/devkitPro/libnx/lib/libnx.a(parcel.o)
                0x000000000000a7e0                parcelTransact
 .text.parcelWriteData
                0x000000000000a9b0       0x88 /home/vidar/devkitPro/libnx/lib/libnx.a(parcel.o)
                0x000000000000a9b0                parcelWriteData
 *fill*         0x000000000000aa38        0x8 
 .text.parcelReadData
                0x000000000000aa40       0x8c /home/vidar/devkitPro/libnx/lib/libnx.a(parcel.o)
                0x000000000000aa40                parcelReadData
 *fill*         0x000000000000aacc        0x4 
 .text.parcelWriteInt32
                0x000000000000aad0       0x24 /home/vidar/devkitPro/libnx/lib/libnx.a(parcel.o)
                0x000000000000aad0                parcelWriteInt32
 *fill*         0x000000000000aaf4        0xc 
 .text.parcelWriteUInt32
                0x000000000000ab00       0x24 /home/vidar/devkitPro/libnx/lib/libnx.a(parcel.o)
                0x000000000000ab00                parcelWriteUInt32
 *fill*         0x000000000000ab24        0xc 
 .text.parcelWriteString16
                0x000000000000ab30       0x74 /home/vidar/devkitPro/libnx/lib/libnx.a(parcel.o)
                0x000000000000ab30                parcelWriteString16
 *fill*         0x000000000000aba4        0xc 
 .text.parcelWriteInterfaceToken
                0x000000000000abb0       0x30 /home/vidar/devkitPro/libnx/lib/libnx.a(parcel.o)
                0x000000000000abb0                parcelWriteInterfaceToken
 .text.parcelReadInt32
                0x000000000000abe0       0x24 /home/vidar/devkitPro/libnx/lib/libnx.a(parcel.o)
                0x000000000000abe0                parcelReadInt32
 *fill*         0x000000000000ac04        0xc 
 .text.parcelReadFlattenedObject
                0x000000000000ac10       0x6c /home/vidar/devkitPro/libnx/lib/libnx.a(parcel.o)
                0x000000000000ac10                parcelReadFlattenedObject
 *fill*         0x000000000000ac7c        0x4 
 .text.parcelWriteFlattenedObject
                0x000000000000ac80       0x4c /home/vidar/devkitPro/libnx/lib/libnx.a(parcel.o)
                0x000000000000ac80                parcelWriteFlattenedObject
 *fill*         0x000000000000accc        0x4 
 .text.nvmapobjClose
                0x000000000000acd0       0x3c /home/vidar/devkitPro/libnx/lib/libnx.a(nvgfx.o)
 *fill*         0x000000000000ad0c        0x4 
 .text.nvmapobjInitialize.part.0
                0x000000000000ad10       0x70 /home/vidar/devkitPro/libnx/lib/libnx.a(nvgfx.o)
 .text.nvmapobjSetup.constprop.2
                0x000000000000ad80       0x74 /home/vidar/devkitPro/libnx/lib/libnx.a(nvgfx.o)
 *fill*         0x000000000000adf4        0xc 
 .text.nvgfxInitialize
                0x000000000000ae00      0xbd4 /home/vidar/devkitPro/libnx/lib/libnx.a(nvgfx.o)
                0x000000000000ae00                nvgfxInitialize
 *fill*         0x000000000000b9d4        0xc 
 .text.nvgfxExit
                0x000000000000b9e0      0x12c /home/vidar/devkitPro/libnx/lib/libnx.a(nvgfx.o)
                0x000000000000b9e0                nvgfxExit
 *fill*         0x000000000000bb0c        0x4 
 .text.nvgfxEventWait
                0x000000000000bb10       0x68 /home/vidar/devkitPro/libnx/lib/libnx.a(nvgfx.o)
                0x000000000000bb10                nvgfxEventWait
 *fill*         0x000000000000bb78        0x8 
 .text.nvgfxGetFramebuffer
                0x000000000000bb80       0x40 /home/vidar/devkitPro/libnx/lib/libnx.a(nvgfx.o)
                0x000000000000bb80                nvgfxGetFramebuffer
 .text.nvioctlNvhostCtrl_EventWait
                0x000000000000bbc0       0x40 /home/vidar/devkitPro/libnx/lib/libnx.a(nvhost-ctrl.o)
                0x000000000000bbc0                nvioctlNvhostCtrl_EventWait
 .text.nvioctlNvhostCtrlGpu_ZCullGetCtxSize
                0x000000000000bc00       0x3c /home/vidar/devkitPro/libnx/lib/libnx.a(nvhost-ctrl-gpu.o)
                0x000000000000bc00                nvioctlNvhostCtrlGpu_ZCullGetCtxSize
 *fill*         0x000000000000bc3c        0x4 
 .text.nvioctlNvhostCtrlGpu_ZCullGetInfo
                0x000000000000bc40       0x54 /home/vidar/devkitPro/libnx/lib/libnx.a(nvhost-ctrl-gpu.o)
                0x000000000000bc40                nvioctlNvhostCtrlGpu_ZCullGetInfo
 *fill*         0x000000000000bc94        0xc 
 .text.nvioctlNvhostCtrlGpu_GetCharacteristics
                0x000000000000bca0       0x88 /home/vidar/devkitPro/libnx/lib/libnx.a(nvhost-ctrl-gpu.o)
                0x000000000000bca0                nvioctlNvhostCtrlGpu_GetCharacteristics
 *fill*         0x000000000000bd28        0x8 
 .text.nvioctlNvhostCtrlGpu_GetTpcMasks
                0x000000000000bd30       0x5c /home/vidar/devkitPro/libnx/lib/libnx.a(nvhost-ctrl-gpu.o)
                0x000000000000bd30                nvioctlNvhostCtrlGpu_GetTpcMasks
 *fill*         0x000000000000bd8c        0x4 
 .text.nvioctlNvhostCtrlGpu_GetL2State
                0x000000000000bd90       0x3c /home/vidar/devkitPro/libnx/lib/libnx.a(nvhost-ctrl-gpu.o)
                0x000000000000bd90                nvioctlNvhostCtrlGpu_GetL2State
 *fill*         0x000000000000bdcc        0x4 
 .text.nvioctlNvhostAsGpu_BindChannel
                0x000000000000bdd0       0x24 /home/vidar/devkitPro/libnx/lib/libnx.a(nvhost-as-gpu.o)
                0x000000000000bdd0                nvioctlNvhostAsGpu_BindChannel
 *fill*         0x000000000000bdf4        0xc 
 .text.nvioctlNvhostAsGpu_AllocSpace
                0x000000000000be00       0x44 /home/vidar/devkitPro/libnx/lib/libnx.a(nvhost-as-gpu.o)
                0x000000000000be00                nvioctlNvhostAsGpu_AllocSpace
 *fill*         0x000000000000be44        0xc 
 .text.nvioctlNvhostAsGpu_MapBufferEx
                0x000000000000be50       0x50 /home/vidar/devkitPro/libnx/lib/libnx.a(nvhost-as-gpu.o)
                0x000000000000be50                nvioctlNvhostAsGpu_MapBufferEx
 .text.nvioctlNvhostAsGpu_GetVARegions
                0x000000000000bea0       0x64 /home/vidar/devkitPro/libnx/lib/libnx.a(nvhost-as-gpu.o)
                0x000000000000bea0                nvioctlNvhostAsGpu_GetVARegions
 *fill*         0x000000000000bf04        0xc 
 .text.nvioctlNvhostAsGpu_InitializeEx
                0x000000000000bf10       0x3c /home/vidar/devkitPro/libnx/lib/libnx.a(nvhost-as-gpu.o)
                0x000000000000bf10                nvioctlNvhostAsGpu_InitializeEx
 *fill*         0x000000000000bf4c        0x4 
 .text.nvioctlChannel_SetNvmapFd
                0x000000000000bf50       0x24 /home/vidar/devkitPro/libnx/lib/libnx.a(channel.o)
                0x000000000000bf50                nvioctlChannel_SetNvmapFd
 *fill*         0x000000000000bf74        0xc 
 .text.nvioctlChannel_AllocObjCtx
                0x000000000000bf80       0x30 /home/vidar/devkitPro/libnx/lib/libnx.a(channel.o)
                0x000000000000bf80                nvioctlChannel_AllocObjCtx
 .text.nvioctlChannel_ZCullBind
                0x000000000000bfb0       0x28 /home/vidar/devkitPro/libnx/lib/libnx.a(channel.o)
                0x000000000000bfb0                nvioctlChannel_ZCullBind
 *fill*         0x000000000000bfd8        0x8 
 .text.nvioctlChannel_SetErrorNotifier
                0x000000000000bfe0       0x28 /home/vidar/devkitPro/libnx/lib/libnx.a(channel.o)
                0x000000000000bfe0                nvioctlChannel_SetErrorNotifier
 *fill*         0x000000000000c008        0x8 
 .text.nvioctlChannel_SetPriority
                0x000000000000c010       0x24 /home/vidar/devkitPro/libnx/lib/libnx.a(channel.o)
                0x000000000000c010                nvioctlChannel_SetPriority
 *fill*         0x000000000000c034        0xc 
 .text.nvioctlChannel_AllocGpfifoEx2
                0x000000000000c040       0x54 /home/vidar/devkitPro/libnx/lib/libnx.a(channel.o)
                0x000000000000c040                nvioctlChannel_AllocGpfifoEx2
 *fill*         0x000000000000c094        0xc 
 .text.nvioctlChannel_SetUserData
                0x000000000000c0a0       0x24 /home/vidar/devkitPro/libnx/lib/libnx.a(channel.o)
                0x000000000000c0a0                nvioctlChannel_SetUserData
 *fill*         0x000000000000c0c4        0xc 
 .text.nvioctlNvmap_Create
                0x000000000000c0d0       0x3c /home/vidar/devkitPro/libnx/lib/libnx.a(nvmap.o)
                0x000000000000c0d0                nvioctlNvmap_Create
 *fill*         0x000000000000c10c        0x4 
 .text.nvioctlNvmap_FromId
                0x000000000000c110       0x3c /home/vidar/devkitPro/libnx/lib/libnx.a(nvmap.o)
                0x000000000000c110                nvioctlNvmap_FromId
 *fill*         0x000000000000c14c        0x4 
 .text.nvioctlNvmap_Alloc
                0x000000000000c150       0x30 /home/vidar/devkitPro/libnx/lib/libnx.a(nvmap.o)
                0x000000000000c150                nvioctlNvmap_Alloc
 .text.nvioctlNvmap_GetId
                0x000000000000c180       0x3c /home/vidar/devkitPro/libnx/lib/libnx.a(nvmap.o)
                0x000000000000c180                nvioctlNvmap_GetId
 *fill*         0x000000000000c1bc        0x4 
 .text.decode_utf8
                0x000000000000c1c0      0x130 /home/vidar/devkitPro/libnx/lib/libnx.a(decode_utf8.o)
                0x000000000000c1c0                decode_utf8
 .text.__aarch64_read_tp
                0x000000000000c2f0        0xc /home/vidar/devkitPro/libnx/lib/libnx.a(readtp.o)
                0x000000000000c2f0                __aarch64_read_tp
 *fill*         0x000000000000c2fc        0x4 
 .text.tmemCreate
                0x000000000000c300       0x74 /home/vidar/devkitPro/libnx/lib/libnx.a(tmem.o)
                0x000000000000c300                tmemCreate
 *fill*         0x000000000000c374        0xc 
 .text.tmemUnmap
                0x000000000000c380       0x48 /home/vidar/devkitPro/libnx/lib/libnx.a(tmem.o)
                0x000000000000c380                tmemUnmap
 *fill*         0x000000000000c3c8        0x8 
 .text.tmemClose
                0x000000000000c3d0       0x64 /home/vidar/devkitPro/libnx/lib/libnx.a(tmem.o)
                0x000000000000c3d0                tmemClose
 *fill*         0x000000000000c434        0x4 
 .text.bsearch  0x000000000000c438       0xc8 /home/vidar/devkitPro/devkitA64/bin/../lib/gcc/aarch64-none-elf/7.3.0/../../../../aarch64-none-elf/lib/pic/libg.a(lib_a-bsearch.o)
                0x000000000000c438                bsearch
 .text.__libc_fini_array
                0x000000000000c500       0x44 /home/vidar/devkitPro/devkitA64/bin/../lib/gcc/aarch64-none-elf/7.3.0/../../../../aarch64-none-elf/lib/pic/libg.a(lib_a-fini.o)
                0x000000000000c500                __libc_fini_array
 *fill*         0x000000000000c544        0x4 
 .text.__libc_init_array
                0x000000000000c548       0x8c /home/vidar/devkitPro/devkitA64/bin/../lib/gcc/aarch64-none-elf/7.3.0/../../../../aarch64-none-elf/lib/pic/libg.a(lib_a-init.o)
                0x000000000000c548                __libc_init_array
 *fill*         0x000000000000c5d4        0x4 
 .text.__locale_ctype_ptr
                0x000000000000c5d8       0x2c /home/vidar/devkitPro/devkitA64/bin/../lib/gcc/aarch64-none-elf/7.3.0/../../../../aarch64-none-elf/lib/pic/libg.a(lib_a-locale.o)
                0x000000000000c5d8                __locale_ctype_ptr
 *fill*         0x000000000000c604        0x4 
 .text.memalign
                0x000000000000c608       0x2c /home/vidar/devkitPro/devkitA64/bin/../lib/gcc/aarch64-none-elf/7.3.0/../../../../aarch64-none-elf/lib/pic/libg.a(lib_a-malign.o)
                0x000000000000c608                memalign
 *fill*         0x000000000000c634        0x4 
 .text._memalign_r
                0x000000000000c638      0x1ac /home/vidar/devkitPro/devkitA64/bin/../lib/gcc/aarch64-none-elf/7.3.0/../../../../aarch64-none-elf/lib/pic/libg.a(lib_a-malignr.o)
                0x000000000000c638                _memalign_r
 *fill*         0x000000000000c7e4        0x4 
 .text.free     0x000000000000c7e8       0x24 /home/vidar/devkitPro/devkitA64/bin/../lib/gcc/aarch64-none-elf/7.3.0/../../../../aarch64-none-elf/lib/pic/libg.a(lib_a-malloc.o)
                0x000000000000c7e8                free
 *fill*         0x000000000000c80c        0x4 
 .text._malloc_r
                0x000000000000c810      0x8b4 /home/vidar/devkitPro/devkitA64/bin/../lib/gcc/aarch64-none-elf/7.3.0/../../../../aarch64-none-elf/lib/pic/libg.a(lib_a-mallocr.o)
                0x000000000000c810                _malloc_r
 *fill*         0x000000000000d0c4        0x4 
 .text.__utf8_mbtowc
                0x000000000000d0c8      0x2d8 /home/vidar/devkitPro/devkitA64/bin/../lib/gcc/aarch64-none-elf/7.3.0/../../../../aarch64-none-elf/lib/pic/libg.a(lib_a-mbtowc_r.o)
                0x000000000000d0c8                __utf8_mbtowc
 *fill*         0x000000000000d3a0       0x20 
 .text          0x000000000000d3c0      0x16c /home/vidar/devkitPro/devkitA64/bin/../lib/gcc/aarch64-none-elf/7.3.0/../../../../aarch64-none-elf/lib/pic/libg.a(lib_a-memcpy.o)
                0x000000000000d3c0                memcpy
 *fill*         0x000000000000d52c       0x14 
 .text          0x000000000000d540      0x1d8 /home/vidar/devkitPro/devkitA64/bin/../lib/gcc/aarch64-none-elf/7.3.0/../../../../aarch64-none-elf/lib/pic/libg.a(lib_a-memset.o)
                0x000000000000d540                memset
 .text.__malloc_lock
                0x000000000000d718        0xc /home/vidar/devkitPro/devkitA64/bin/../lib/gcc/aarch64-none-elf/7.3.0/../../../../aarch64-none-elf/lib/pic/libg.a(lib_a-mlock.o)
                0x000000000000d718                __malloc_lock
 *fill*         0x000000000000d724        0x4 
 .text.__malloc_unlock
                0x000000000000d728        0xc /home/vidar/devkitPro/devkitA64/bin/../lib/gcc/aarch64-none-elf/7.3.0/../../../../aarch64-none-elf/lib/pic/libg.a(lib_a-mlock.o)
                0x000000000000d728                __malloc_unlock
 .text          0x000000000000d734       0xdc /home/vidar/devkitPro/devkitA64/bin/../lib/gcc/aarch64-none-elf/7.3.0/../../../../aarch64-none-elf/lib/pic/libg.a(lib_a-strchr.o)
                0x000000000000d734                strchr
 *fill*         0x000000000000d810       0x30 
 .text          0x000000000000d840       0xa4 /home/vidar/devkitPro/devkitA64/bin/../lib/gcc/aarch64-none-elf/7.3.0/../../../../aarch64-none-elf/lib/pic/libg.a(lib_a-strcmp.o)
                0x000000000000d840                strcmp
 *fill*         0x000000000000d8e4       0x1c 
 .text          0x000000000000d900      0x140 /home/vidar/devkitPro/devkitA64/bin/../lib/gcc/aarch64-none-elf/7.3.0/../../../../aarch64-none-elf/lib/pic/libg.a(lib_a-strlen.o)
                0x000000000000d900                strlen
 .text.strncat  0x000000000000da40       0x88 /home/vidar/devkitPro/devkitA64/bin/../lib/gcc/aarch64-none-elf/7.3.0/../../../../aarch64-none-elf/lib/pic/libg.a(lib_a-strncat.o)
                0x000000000000da40                strncat
 *fill*         0x000000000000dac8       0x38 
 .text          0x000000000000db00      0x124 /home/vidar/devkitPro/devkitA64/bin/../lib/gcc/aarch64-none-elf/7.3.0/../../../../aarch64-none-elf/lib/pic/libg.a(lib_a-strncmp.o)
                0x000000000000db1c                strncmp
 *fill*         0x000000000000dc24        0x4 
 .text.strncpy  0x000000000000dc28       0xb4 /home/vidar/devkitPro/devkitA64/bin/../lib/gcc/aarch64-none-elf/7.3.0/../../../../aarch64-none-elf/lib/pic/libg.a(lib_a-strncpy.o)
                0x000000000000dc28                strncpy
 *fill*         0x000000000000dcdc       0x24 
 .text          0x000000000000dd00       0xe0 /home/vidar/devkitPro/devkitA64/bin/../lib/gcc/aarch64-none-elf/7.3.0/../../../../aarch64-none-elf/lib/pic/libg.a(lib_a-strnlen.o)
                0x000000000000dd24                strnlen
 .text.__utf8_wctomb
                0x000000000000dde0       0xe8 /home/vidar/devkitPro/devkitA64/bin/../lib/gcc/aarch64-none-elf/7.3.0/../../../../aarch64-none-elf/lib/pic/libg.a(lib_a-wctomb_r.o)
                0x000000000000dde0                __utf8_wctomb
 .text._malloc_trim_r
                0x000000000000dec8      0x11c /home/vidar/devkitPro/devkitA64/bin/../lib/gcc/aarch64-none-elf/7.3.0/../../../../aarch64-none-elf/lib/pic/libg.a(lib_a-freer.o)
                0x000000000000dec8                _malloc_trim_r
 *fill*         0x000000000000dfe4        0x4 
 .text._free_r  0x000000000000dfe8      0x314 /home/vidar/devkitPro/devkitA64/bin/../lib/gcc/aarch64-none-elf/7.3.0/../../../../aarch64-none-elf/lib/pic/libg.a(lib_a-freer.o)
                0x000000000000dfe8                _free_r
 *fill*         0x000000000000e2fc        0x4 
 .text.null_write
                0x000000000000e300        0x8 /home/vidar/devkitPro/devkitA64/bin/../lib/gcc/aarch64-none-elf/7.3.0/../../../../aarch64-none-elf/lib/pic/libsysbase.a(iosupport.o)
 .text.setDefaultDevice
                0x000000000000e308       0x18 /home/vidar/devkitPro/devkitA64/bin/../lib/gcc/aarch64-none-elf/7.3.0/../../../../aarch64-none-elf/lib/pic/libsysbase.a(iosupport.o)
                0x000000000000e308                setDefaultDevice
 .text.FindDevice
                0x000000000000e320      0x114 /home/vidar/devkitPro/devkitA64/bin/../lib/gcc/aarch64-none-elf/7.3.0/../../../../aarch64-none-elf/lib/pic/libsysbase.a(iosupport.o)
                0x000000000000e320                FindDevice
 *fill*         0x000000000000e434        0x4 
 .text.RemoveDevice
                0x000000000000e438       0x34 /home/vidar/devkitPro/devkitA64/bin/../lib/gcc/aarch64-none-elf/7.3.0/../../../../aarch64-none-elf/lib/pic/libsysbase.a(iosupport.o)
                0x000000000000e438                RemoveDevice
 *fill*         0x000000000000e46c        0x4 
 .text.AddDevice
                0x000000000000e470       0xd8 /home/vidar/devkitPro/devkitA64/bin/../lib/gcc/aarch64-none-elf/7.3.0/../../../../aarch64-none-elf/lib/pic/libsysbase.a(iosupport.o)
                0x000000000000e470                AddDevice
 .text._sbrk_r  0x000000000000e548       0x7c /home/vidar/devkitPro/devkitA64/bin/../lib/gcc/aarch64-none-elf/7.3.0/../../../../aarch64-none-elf/lib/pic/libsysbase.a(sbrk.o)
                0x000000000000e548                _sbrk_r
 *fill*         0x000000000000e5c4        0x4 
 .text._concatenate_path
                0x000000000000e5c8      0x24c /home/vidar/devkitPro/devkitA64/bin/../lib/gcc/aarch64-none-elf/7.3.0/../../../../aarch64-none-elf/lib/pic/libsysbase.a(chdir.o)
                0x000000000000e5c8                _concatenate_path
 *fill*         0x000000000000e814        0x4 
 .text.chdir    0x000000000000e818      0x198 /home/vidar/devkitPro/devkitA64/bin/../lib/gcc/aarch64-none-elf/7.3.0/../../../../aarch64-none-elf/lib/pic/libsysbase.a(chdir.o)
                0x000000000000e818                chdir
 .text.__libc_lock_acquire_recursive
                0x000000000000e9b0       0x1c /home/vidar/devkitPro/devkitA64/bin/../lib/gcc/aarch64-none-elf/7.3.0/../../../../aarch64-none-elf/lib/pic/libsysbase.a(syscall_support.o)
                0x000000000000e9b0                __libc_lock_acquire_recursive
 *fill*         0x000000000000e9cc        0x4 
 .text.__libc_lock_release_recursive
                0x000000000000e9d0       0x1c /home/vidar/devkitPro/devkitA64/bin/../lib/gcc/aarch64-none-elf/7.3.0/../../../../aarch64-none-elf/lib/pic/libsysbase.a(syscall_support.o)
                0x000000000000e9d0                __libc_lock_release_recursive
 *fill*         0x000000000000e9ec        0x4 
 .text.__getreent
                0x000000000000e9f0       0x28 /home/vidar/devkitPro/devkitA64/bin/../lib/gcc/aarch64-none-elf/7.3.0/../../../../aarch64-none-elf/lib/pic/libsysbase.a(getreent.o)
                0x000000000000e9f0                __getreent
 .text          0x000000000000ea18      0x100 /home/vidar/devkitPro/devkitA64/bin/../lib/gcc/aarch64-none-elf/7.3.0/../../../../aarch64-none-elf/lib/pic/libg.a(lib_a-strrchr.o)
                0x000000000000ea18                strrchr
                0x000000000000eb18                . = ALIGN (0x8)

.fini           0x000000000000eb18       0x38
 *(.fini)
 .fini          0x000000000000eb18       0x18 /home/vidar/devkitPro/devkitA64/bin/../lib/gcc/aarch64-none-elf/7.3.0/pic/crti.o
                0x000000000000eb18                _fini
 .fini          0x000000000000eb30       0x1c /home/vidar/devkitPro/devkitA64/bin/../lib/gcc/aarch64-none-elf/7.3.0/pic/crtn.o
                0x000000000000eb50                . = ALIGN (0x8)
 *fill*         0x000000000000eb4c        0x4 
                0x000000000000f000                . = ALIGN (0x1000)

.rodata         0x000000000000f000    0x449f8
 *(.rodata .rodata.* .gnu.linkonce.r.*)
 .rodata        0x000000000000f000    0x44716 tahoma24.nxfnt.o
                0x000000000000f000                tahoma24_nxfnt
                0x0000000000053712                tahoma24_nxfnt_end
                0x0000000000053712                tahoma24_nxfnt_size
 *fill*         0x0000000000053716        0x2 
 .rodata.cst8   0x0000000000053718       0x18 main.o
 .rodata.str1.8
                0x0000000000053730       0x30 main.o
 .rodata.appletInitialize.str1.8
                0x0000000000053760       0x19 /home/vidar/devkitPro/libnx/lib/libnx.a(applet.o)
 *fill*         0x0000000000053779        0x7 
 .rodata.hidInitialize.str1.8
                0x0000000000053780        0x4 /home/vidar/devkitPro/libnx/lib/libnx.a(hid.o)
 *fill*         0x0000000000053784        0x4 
 .rodata.smInitialize.str1.8
                0x0000000000053788        0x4 /home/vidar/devkitPro/libnx/lib/libnx.a(sm.o)
                                          0x9 (size before relaxing)
 *fill*         0x000000000005378c        0x4 
 .rodata.apmInitialize.str1.8
                0x0000000000053790        0xc /home/vidar/devkitPro/libnx/lib/libnx.a(apm.o)
 *fill*         0x000000000005379c        0x4 
 .rodata.fatalSimple.str1.8
                0x00000000000537a0        0x8 /home/vidar/devkitPro/libnx/lib/libnx.a(fatal.o)
 .rodata.gfxInitDefault.str1.8
                0x00000000000537a8        0x8 /home/vidar/devkitPro/libnx/lib/libnx.a(gfx.o)
 .rodata._fsdevUnmountDeviceStruct.part.1.str1.8
                0x00000000000537b0        0x2 /home/vidar/devkitPro/libnx/lib/libnx.a(fs_dev.o)
 *fill*         0x00000000000537b2        0x6 
 .rodata.error_table
                0x00000000000537b8       0x18 /home/vidar/devkitPro/libnx/lib/libnx.a(fs_dev.o)
 .rodata.fsdevInit.str1.8
                0x00000000000537d0        0x5 /home/vidar/devkitPro/libnx/lib/libnx.a(fs_dev.o)
 *fill*         0x00000000000537d5        0x3 
 .rodata.nvInitialize.str1.8
                0x00000000000537d8       0x20 /home/vidar/devkitPro/libnx/lib/libnx.a(nv.o)
 .rodata.viInitialize.str1.8
                0x00000000000537f8       0x15 /home/vidar/devkitPro/libnx/lib/libnx.a(vi.o)
 *fill*         0x000000000005380d        0x3 
 .rodata.fsInitialize.str1.8
                0x0000000000053810        0x8 /home/vidar/devkitPro/libnx/lib/libnx.a(fs.o)
 .rodata.nvgfxInitialize.str1.8
                0x0000000000053818       0x61 /home/vidar/devkitPro/libnx/lib/libnx.a(nvgfx.o)
 *fill*         0x0000000000053879        0x7 
 .rodata.str1.8
                0x0000000000053880       0x5c /home/vidar/devkitPro/devkitA64/bin/../lib/gcc/aarch64-none-elf/7.3.0/../../../../aarch64-none-elf/lib/pic/libg.a(lib_a-locale.o)
                                         0x64 (size before relaxing)
 *fill*         0x00000000000538dc        0x4 
 .rodata._ctype_
                0x00000000000538e0      0x101 /home/vidar/devkitPro/devkitA64/bin/../lib/gcc/aarch64-none-elf/7.3.0/../../../../aarch64-none-elf/lib/pic/libg.a(lib_a-ctype_.o)
                0x00000000000538e0                _ctype_
 *fill*         0x00000000000539e1        0x7 
 .rodata.AddDevice.str1.8
                0x00000000000539e8        0x8 /home/vidar/devkitPro/devkitA64/bin/../lib/gcc/aarch64-none-elf/7.3.0/../../../../aarch64-none-elf/lib/pic/libsysbase.a(iosupport.o)
 .rodata.DIRECTORY_PARENT
                0x00000000000539f0        0x3 /home/vidar/devkitPro/devkitA64/bin/../lib/gcc/aarch64-none-elf/7.3.0/../../../../aarch64-none-elf/lib/pic/libsysbase.a(chdir.o)
                0x00000000000539f0                DIRECTORY_PARENT
                0x00000000000539f8                . = ALIGN (0x8)
 *fill*         0x00000000000539f3        0x5 

.eh_frame_hdr
 *(.eh_frame_hdr)
 *(.eh_frame_entry .eh_frame_entry.*)

.eh_frame       0x00000000000539f8      0x1c0
 *(.eh_frame)
 .eh_frame      0x00000000000539f8        0x0 /home/vidar/devkitPro/devkitA64/bin/../lib/gcc/aarch64-none-elf/7.3.0/pic/crtbegin.o
 .eh_frame      0x00000000000539f8       0x28 /home/vidar/devkitPro/libnx/lib/libnx.a(cache.o)
                                         0x68 (size before relaxing)
 .eh_frame      0x0000000000053a20      0x180 /home/vidar/devkitPro/libnx/lib/libnx.a(svc.o)
                                        0x500 (size before relaxing)
 .eh_frame      0x0000000000053ba0       0x14 /home/vidar/devkitPro/libnx/lib/libnx.a(readtp.o)
                                         0x28 (size before relaxing)
 .eh_frame      0x0000000000053bb4        0x4 /home/vidar/devkitPro/devkitA64/bin/../lib/gcc/aarch64-none-elf/7.3.0/pic/crtend.o
 *(.eh_frame.*)

.gcc_except_table
 *(.gcc_except_table .gcc_except_table.*)

.gnu_extab
 *(.gnu_extab*)

.dynamic        0x0000000000053bb8      0x160
 *(.dynamic)
 .dynamic       0x0000000000053bb8      0x160 /home/vidar/devkitPro/devkitA64/bin/../lib/gcc/aarch64-none-elf/7.3.0/pic/crti.o
                0x0000000000053bb8                _DYNAMIC

.interp         0x0000000000053d18        0xd
 *(.interp)
 .interp        0x0000000000053d18        0xd /home/vidar/devkitPro/devkitA64/bin/../lib/gcc/aarch64-none-elf/7.3.0/pic/crti.o

.note.gnu.build-id
 *(.note.gnu.build-id)

.hash           0x0000000000053d28       0x18
 *(.hash)
 .hash          0x0000000000053d28       0x18 /home/vidar/devkitPro/devkitA64/bin/../lib/gcc/aarch64-none-elf/7.3.0/pic/crti.o

.gnu.hash
 *(.gnu.hash)

.gnu.version    0x0000000000053d40        0x0
 *(.gnu.version)
 .gnu.version   0x0000000000053d40        0x0 /home/vidar/devkitPro/devkitA64/bin/../lib/gcc/aarch64-none-elf/7.3.0/pic/crti.o

.gnu.version_d  0x0000000000053d40        0x0
 *(.gnu.version_d)
 .gnu.version_d
                0x0000000000053d40        0x0 /home/vidar/devkitPro/devkitA64/bin/../lib/gcc/aarch64-none-elf/7.3.0/pic/crti.o

.gnu.version_r  0x0000000000053d40        0x0
 *(.gnu.version_r)
 .gnu.version_r
                0x0000000000053d40        0x0 /home/vidar/devkitPro/devkitA64/bin/../lib/gcc/aarch64-none-elf/7.3.0/pic/crti.o

.dynsym         0x0000000000053d40       0x48
 *(.dynsym)
 .dynsym        0x0000000000053d40       0x48 /home/vidar/devkitPro/devkitA64/bin/../lib/gcc/aarch64-none-elf/7.3.0/pic/crti.o

.dynstr         0x0000000000053d88        0x1
 *(.dynstr)
 .dynstr        0x0000000000053d88        0x1 /home/vidar/devkitPro/devkitA64/bin/../lib/gcc/aarch64-none-elf/7.3.0/pic/crti.o

.rela.dyn       0x0000000000053d90     0x2268
 *(.rela.*)
 .rela.got      0x0000000000053d90      0x4e0 /home/vidar/devkitPro/devkitA64/bin/../lib/gcc/aarch64-none-elf/7.3.0/pic/crti.o
 .rela.plt      0x0000000000054270        0x0 /home/vidar/devkitPro/devkitA64/bin/../lib/gcc/aarch64-none-elf/7.3.0/pic/crti.o
 .rela.bss      0x0000000000054270        0x0 /home/vidar/devkitPro/devkitA64/bin/../lib/gcc/aarch64-none-elf/7.3.0/pic/crti.o
 .rela.data.rel.ro
                0x0000000000054270        0x0 /home/vidar/devkitPro/devkitA64/bin/../lib/gcc/aarch64-none-elf/7.3.0/pic/crti.o
 .rela.init_array
                0x0000000000054270       0x18 /home/vidar/devkitPro/devkitA64/bin/../lib/gcc/aarch64-none-elf/7.3.0/pic/crti.o
 .rela.fini_array
                0x0000000000054288       0x18 /home/vidar/devkitPro/devkitA64/bin/../lib/gcc/aarch64-none-elf/7.3.0/pic/crti.o
 .rela.ifunc    0x00000000000542a0        0x0 /home/vidar/devkitPro/devkitA64/bin/../lib/gcc/aarch64-none-elf/7.3.0/pic/crti.o
 .rela.data.rel.ro.local.fsdev_devoptab
                0x00000000000542a0      0x210 /home/vidar/devkitPro/devkitA64/bin/../lib/gcc/aarch64-none-elf/7.3.0/pic/crti.o
 .rela.data.rel.local._impure_ptr
                0x00000000000544b0       0x18 /home/vidar/devkitPro/devkitA64/bin/../lib/gcc/aarch64-none-elf/7.3.0/pic/crti.o
 .rela.data.rel.local.impure_data
                0x00000000000544c8       0x48 /home/vidar/devkitPro/devkitA64/bin/../lib/gcc/aarch64-none-elf/7.3.0/pic/crti.o
 .rela.data.rel.__global_locale
                0x0000000000054510      0x138 /home/vidar/devkitPro/devkitA64/bin/../lib/gcc/aarch64-none-elf/7.3.0/pic/crti.o
 .rela.data.rel.__malloc_av_
                0x0000000000054648     0x1800 /home/vidar/devkitPro/devkitA64/bin/../lib/gcc/aarch64-none-elf/7.3.0/pic/crti.o
 .rela.data.rel.devoptab_list
                0x0000000000055e48      0x180 /home/vidar/devkitPro/devkitA64/bin/../lib/gcc/aarch64-none-elf/7.3.0/pic/crti.o
 .rela.data.rel.ro.local.dotab_stdnull
                0x0000000000055fc8       0x30 /home/vidar/devkitPro/devkitA64/bin/../lib/gcc/aarch64-none-elf/7.3.0/pic/crti.o
                0x0000000000056000                . = ALIGN (0x1000)

.eh_frame
 *(.eh_frame)
 *(.eh_frame.*)

.gcc_except_table
 *(.gcc_except_table .gcc_except_table.*)

.gnu_extab
 *(.gnu_extab*)

.exception_ranges
 *(.exception_ranges .exception_ranges*)

.tdata          0x0000000000056000        0x0
                0x0000000000056000                __tdata_lma = .
 *(.tdata .tdata.* .gnu.linkonce.td.*)
                0x0000000000056000                . = ALIGN (0x8)
                0x0000000000056000                __tdata_lma_end = .

.tbss           0x0000000000056000     0x4408
 *(.tbss .tbss.* .gnu.linkonce.tb.*)
 .tbss.__fixedpath
                0x0000000000056000      0x401 /home/vidar/devkitPro/libnx/lib/libnx.a(fs_dev.o)
 *fill*         0x0000000000056401        0x7 
 .tbss.tmp_buffer.5954
                0x0000000000056408     0x2000 /home/vidar/devkitPro/libnx/lib/libnx.a(fs_dev.o)
 .tbss.tmp_buffer.5978
                0x0000000000058408     0x2000 /home/vidar/devkitPro/libnx/lib/libnx.a(fs_dev.o)
 *(.tcommon)
                0x000000000005a408                . = ALIGN (0x8)

.preinit_array  0x0000000000056000        0x0
                0x0000000000056000                PROVIDE (__preinit_array_start = .)
 *(.preinit_array)
                0x0000000000056000                PROVIDE (__preinit_array_end = .)

.init_array     0x0000000000056000        0x8
                0x0000000000056000                PROVIDE (__init_array_start = .)
 *(SORT_BY_NAME(.init_array.*))
 *(.init_array)
 .init_array    0x0000000000056000        0x8 /home/vidar/devkitPro/devkitA64/bin/../lib/gcc/aarch64-none-elf/7.3.0/pic/crtbegin.o
                0x0000000000056008                PROVIDE (__init_array_end = .)

.fini_array     0x0000000000056008        0x8
                0x0000000000056008                PROVIDE (__fini_array_start = .)
 *(.fini_array)
 .fini_array    0x0000000000056008        0x8 /home/vidar/devkitPro/devkitA64/bin/../lib/gcc/aarch64-none-elf/7.3.0/pic/crtbegin.o
 *(SORT_BY_NAME(.fini_array.*))
                0x0000000000056010                PROVIDE (__fini_array_end = .)

.ctors
 *crtbegin.o(.ctors)
 *(EXCLUDE_FILE(*crtend.o) .ctors)
 *(SORT_BY_NAME(.ctors.*))
 *(.ctors)

.dtors
 *crtbegin.o(.dtors)
 *(EXCLUDE_FILE(*crtend.o) .dtors)
 *(SORT_BY_NAME(.dtors.*))
 *(.dtors)
                0x0000000000056010                __got_start__ = .

.got            0x0000000000056010      0x1c8
 *(.got)
 .got           0x0000000000056010      0x1c8 /home/vidar/devkitPro/devkitA64/bin/../lib/gcc/aarch64-none-elf/7.3.0/pic/crti.o
                0x0000000000056010                _GLOBAL_OFFSET_TABLE_
 *(.igot)

.got.plt        0x00000000000561d8       0x18
 *(.got.plt)
 .got.plt       0x00000000000561d8       0x18 /home/vidar/devkitPro/devkitA64/bin/../lib/gcc/aarch64-none-elf/7.3.0/pic/crti.o
 *(.igot.plt)
                0x00000000000561f0                __got_end__ = .

.data           0x00000000000561f0     0x1d78
 *(.data .data.* .gnu.linkonce.d.*)
 .data.rel.ro   0x00000000000561f0        0x0 /home/vidar/devkitPro/devkitA64/bin/../lib/gcc/aarch64-none-elf/7.3.0/pic/crti.o
 .data          0x00000000000561f0        0x4 main.o
                0x00000000000561f0                redraw
 .data.__nx_applet_auto_notifyrunning
                0x00000000000561f4        0x1 /home/vidar/devkitPro/libnx/lib/libnx.a(applet.o)
                0x00000000000561f4                __nx_applet_auto_notifyrunning
 *fill*         0x00000000000561f5        0x3 
 .data.__nx_applet_type
                0x00000000000561f8        0x4 /home/vidar/devkitPro/libnx/lib/libnx.a(applet.o)
                0x00000000000561f8                __nx_applet_type
 .data.g_gfxMode
                0x00000000000561fc        0x4 /home/vidar/devkitPro/libnx/lib/libnx.a(gfx.o)
 .data.g_gfxQueueBufferData
                0x0000000000056200       0x54 /home/vidar/devkitPro/libnx/lib/libnx.a(gfx.o)
 *fill*         0x0000000000056254        0x4 
 .data.g_gfx_BufferInitData
                0x0000000000056258      0x16c /home/vidar/devkitPro/libnx/lib/libnx.a(gfx.o)
 *fill*         0x00000000000563c4        0x4 
 .data.__cwd    0x00000000000563c8      0x401 /home/vidar/devkitPro/libnx/lib/libnx.a(fs_dev.o)
 *fill*         0x00000000000567c9        0x3 
 .data.fsdev_fsdevice_cwd
                0x00000000000567cc        0x4 /home/vidar/devkitPro/libnx/lib/libnx.a(fs_dev.o)
 .data.fsdev_fsdevice_default
                0x00000000000567d0        0x4 /home/vidar/devkitPro/libnx/lib/libnx.a(fs_dev.o)
 *fill*         0x00000000000567d4        0x4 
 .data.rel.ro.local.fsdev_devoptab
                0x00000000000567d8       0xd0 /home/vidar/devkitPro/libnx/lib/libnx.a(fs_dev.o)
 .data.g_nvServiceType
                0x00000000000568a8        0x4 /home/vidar/devkitPro/libnx/lib/libnx.a(nv.o)
 .data.g_viServiceType
                0x00000000000568ac        0x4 /home/vidar/devkitPro/libnx/lib/libnx.a(vi.o)
 .data.g_bufferProducer_InterfaceDescriptor
                0x00000000000568b0       0x23 /home/vidar/devkitPro/libnx/lib/libnx.a(buffer_producer.o)
 *fill*         0x00000000000568d3        0x5 
 .data.rel.local._impure_ptr
                0x00000000000568d8        0x8 /home/vidar/devkitPro/devkitA64/bin/../lib/gcc/aarch64-none-elf/7.3.0/../../../../aarch64-none-elf/lib/pic/libg.a(lib_a-impure.o)
                0x00000000000568d8                _impure_ptr
 .data.rel.local.impure_data
                0x00000000000568e0      0x768 /home/vidar/devkitPro/devkitA64/bin/../lib/gcc/aarch64-none-elf/7.3.0/../../../../aarch64-none-elf/lib/pic/libg.a(lib_a-impure.o)
 .data.rel.__global_locale
                0x0000000000057048      0x1a8 /home/vidar/devkitPro/devkitA64/bin/../lib/gcc/aarch64-none-elf/7.3.0/../../../../aarch64-none-elf/lib/pic/libg.a(lib_a-locale.o)
                0x0000000000057048                __global_locale
 .data.__malloc_sbrk_base
                0x00000000000571f0        0x8 /home/vidar/devkitPro/devkitA64/bin/../lib/gcc/aarch64-none-elf/7.3.0/../../../../aarch64-none-elf/lib/pic/libg.a(lib_a-mallocr.o)
                0x00000000000571f0                __malloc_sbrk_base
 .data.__malloc_trim_threshold
                0x00000000000571f8        0x8 /home/vidar/devkitPro/devkitA64/bin/../lib/gcc/aarch64-none-elf/7.3.0/../../../../aarch64-none-elf/lib/pic/libg.a(lib_a-mallocr.o)
                0x00000000000571f8                __malloc_trim_threshold
 .data.rel.__malloc_av_
                0x0000000000057200      0x810 /home/vidar/devkitPro/devkitA64/bin/../lib/gcc/aarch64-none-elf/7.3.0/../../../../aarch64-none-elf/lib/pic/libg.a(lib_a-mallocr.o)
                0x0000000000057200                __malloc_av_
 .data.defaultDevice
                0x0000000000057a10        0x4 /home/vidar/devkitPro/devkitA64/bin/../lib/gcc/aarch64-none-elf/7.3.0/../../../../aarch64-none-elf/lib/pic/libsysbase.a(iosupport.o)
 *fill*         0x0000000000057a14        0x4 
 .data.rel.devoptab_list
                0x0000000000057a18       0x80 /home/vidar/devkitPro/devkitA64/bin/../lib/gcc/aarch64-none-elf/7.3.0/../../../../aarch64-none-elf/lib/pic/libsysbase.a(iosupport.o)
                0x0000000000057a18                devoptab_list
 .data.rel.ro.local.dotab_stdnull
                0x0000000000057a98       0xd0 /home/vidar/devkitPro/devkitA64/bin/../lib/gcc/aarch64-none-elf/7.3.0/../../../../aarch64-none-elf/lib/pic/libsysbase.a(iosupport.o)
                0x0000000000057a98                dotab_stdnull
 .data._current_working_directory
                0x0000000000057b68      0x400 /home/vidar/devkitPro/devkitA64/bin/../lib/gcc/aarch64-none-elf/7.3.0/../../../../aarch64-none-elf/lib/pic/libsysbase.a(chdir.o)
                0x0000000000057f68                __bss_start__ = .

.tm_clone_table
                0x0000000000057f68        0x0
 .tm_clone_table
                0x0000000000057f68        0x0 /home/vidar/devkitPro/devkitA64/bin/../lib/gcc/aarch64-none-elf/7.3.0/pic/crtbegin.o
 .tm_clone_table
                0x0000000000057f68        0x0 /home/vidar/devkitPro/devkitA64/bin/../lib/gcc/aarch64-none-elf/7.3.0/pic/crtend.o

.bss            0x0000000000057f68     0x7b10
 *(.dynbss)
 .dynbss        0x0000000000057f68        0x0 /home/vidar/devkitPro/devkitA64/bin/../lib/gcc/aarch64-none-elf/7.3.0/pic/crti.o
 *(.bss .bss.* .gnu.linkonce.b.*)
 .bss.completed.5082
                0x0000000000057f68        0x1 /home/vidar/devkitPro/devkitA64/bin/../lib/gcc/aarch64-none-elf/7.3.0/pic/crtbegin.o
 *fill*         0x0000000000057f69        0x7 
 .bss.object.5087
                0x0000000000057f70       0x30 /home/vidar/devkitPro/devkitA64/bin/../lib/gcc/aarch64-none-elf/7.3.0/pic/crtbegin.o
 .bss           0x0000000000057fa0        0x4 main.o
                0x0000000000057fa0                offset
 *fill*         0x0000000000057fa4        0x4 
 .bss.__nx_applet_PerformanceConfiguration
                0x0000000000057fa8        0x8 /home/vidar/devkitPro/libnx/lib/libnx.a(applet.o)
                0x0000000000057fa8                __nx_applet_PerformanceConfiguration
 .bss.g_appletFirstHook
                0x0000000000057fb0       0x18 /home/vidar/devkitPro/libnx/lib/libnx.a(applet.o)
 .bss.g_appletFocusState
                0x0000000000057fc8        0x1 /home/vidar/devkitPro/libnx/lib/libnx.a(applet.o)
 *fill*         0x0000000000057fc9        0x7 
 .bss.g_appletIAudioController
                0x0000000000057fd0        0x8 /home/vidar/devkitPro/libnx/lib/libnx.a(applet.o)
 .bss.g_appletICommonStateGetter
                0x0000000000057fd8        0x8 /home/vidar/devkitPro/libnx/lib/libnx.a(applet.o)
 .bss.g_appletIDebugFunctions
                0x0000000000057fe0        0x8 /home/vidar/devkitPro/libnx/lib/libnx.a(applet.o)
 .bss.g_appletIDisplayController
                0x0000000000057fe8        0x8 /home/vidar/devkitPro/libnx/lib/libnx.a(applet.o)
 .bss.g_appletIFunctions
                0x0000000000057ff0        0x8 /home/vidar/devkitPro/libnx/lib/libnx.a(applet.o)
 .bss.g_appletILibraryAppletCreator
                0x0000000000057ff8        0x8 /home/vidar/devkitPro/libnx/lib/libnx.a(applet.o)
 .bss.g_appletILibraryAppletSelfAccessor
                0x0000000000058000        0x8 /home/vidar/devkitPro/libnx/lib/libnx.a(applet.o)
 .bss.g_appletIProcessWindingController
                0x0000000000058008        0x8 /home/vidar/devkitPro/libnx/lib/libnx.a(applet.o)
 .bss.g_appletISelfController
                0x0000000000058010        0x8 /home/vidar/devkitPro/libnx/lib/libnx.a(applet.o)
 .bss.g_appletIWindowController
                0x0000000000058018        0x8 /home/vidar/devkitPro/libnx/lib/libnx.a(applet.o)
 .bss.g_appletMessageEventHandle
                0x0000000000058020        0x4 /home/vidar/devkitPro/libnx/lib/libnx.a(applet.o)
 .bss.g_appletNotifiedRunning
                0x0000000000058024        0x1 /home/vidar/devkitPro/libnx/lib/libnx.a(applet.o)
 .bss.g_appletOperationMode
                0x0000000000058025        0x1 /home/vidar/devkitPro/libnx/lib/libnx.a(applet.o)
 *fill*         0x0000000000058026        0x2 
 .bss.g_appletPerformanceMode
                0x0000000000058028        0x4 /home/vidar/devkitPro/libnx/lib/libnx.a(applet.o)
 *fill*         0x000000000005802c        0x4 
 .bss.g_appletProxySession
                0x0000000000058030        0x8 /home/vidar/devkitPro/libnx/lib/libnx.a(applet.o)
 .bss.g_appletResourceUserId
                0x0000000000058038        0x8 /home/vidar/devkitPro/libnx/lib/libnx.a(applet.o)
 .bss.g_appletSrv
                0x0000000000058040        0x8 /home/vidar/devkitPro/libnx/lib/libnx.a(applet.o)
 .bss.g_controllerDown
                0x0000000000058048       0x50 /home/vidar/devkitPro/libnx/lib/libnx.a(hid.o)
 .bss.g_controllerEntries
                0x0000000000058098      0x1e0 /home/vidar/devkitPro/libnx/lib/libnx.a(hid.o)
 .bss.g_controllerHeld
                0x0000000000058278       0x50 /home/vidar/devkitPro/libnx/lib/libnx.a(hid.o)
 .bss.g_controllerLayout
                0x00000000000582c8       0x28 /home/vidar/devkitPro/libnx/lib/libnx.a(hid.o)
 .bss.g_controllerOld
                0x00000000000582f0       0x50 /home/vidar/devkitPro/libnx/lib/libnx.a(hid.o)
 .bss.g_controllerP1AutoID
                0x0000000000058340        0x4 /home/vidar/devkitPro/libnx/lib/libnx.a(hid.o)
 *fill*         0x0000000000058344        0x4 
 .bss.g_controllerTimestamps
                0x0000000000058348       0x50 /home/vidar/devkitPro/libnx/lib/libnx.a(hid.o)
 .bss.g_controllerUp
                0x0000000000058398       0x50 /home/vidar/devkitPro/libnx/lib/libnx.a(hid.o)
 .bss.g_hidIAppletResource
                0x00000000000583e8        0x8 /home/vidar/devkitPro/libnx/lib/libnx.a(hid.o)
 .bss.g_hidLock
                0x00000000000583f0       0x20 /home/vidar/devkitPro/libnx/lib/libnx.a(hid.o)
 .bss.g_hidSharedmem
                0x0000000000058410       0x20 /home/vidar/devkitPro/libnx/lib/libnx.a(hid.o)
 .bss.g_hidSrv  0x0000000000058430        0x8 /home/vidar/devkitPro/libnx/lib/libnx.a(hid.o)
 .bss.g_keyboardDown
                0x0000000000058438       0x20 /home/vidar/devkitPro/libnx/lib/libnx.a(hid.o)
 .bss.g_keyboardEntry
                0x0000000000058458       0x38 /home/vidar/devkitPro/libnx/lib/libnx.a(hid.o)
 .bss.g_keyboardHeld
                0x0000000000058490       0x20 /home/vidar/devkitPro/libnx/lib/libnx.a(hid.o)
 .bss.g_keyboardModDown
                0x00000000000584b0        0x8 /home/vidar/devkitPro/libnx/lib/libnx.a(hid.o)
 .bss.g_keyboardModHeld
                0x00000000000584b8        0x8 /home/vidar/devkitPro/libnx/lib/libnx.a(hid.o)
 .bss.g_keyboardModOld
                0x00000000000584c0        0x8 /home/vidar/devkitPro/libnx/lib/libnx.a(hid.o)
 .bss.g_keyboardModUp
                0x00000000000584c8        0x8 /home/vidar/devkitPro/libnx/lib/libnx.a(hid.o)
 .bss.g_keyboardOld
                0x00000000000584d0       0x20 /home/vidar/devkitPro/libnx/lib/libnx.a(hid.o)
 .bss.g_keyboardTimestamp
                0x00000000000584f0        0x8 /home/vidar/devkitPro/libnx/lib/libnx.a(hid.o)
 .bss.g_keyboardUp
                0x00000000000584f8       0x20 /home/vidar/devkitPro/libnx/lib/libnx.a(hid.o)
 .bss.g_mouseDown
                0x0000000000058518        0x8 /home/vidar/devkitPro/libnx/lib/libnx.a(hid.o)
 .bss.g_mouseEntry
                0x0000000000058520       0x30 /home/vidar/devkitPro/libnx/lib/libnx.a(hid.o)
 .bss.g_mouseHeld
                0x0000000000058550        0x8 /home/vidar/devkitPro/libnx/lib/libnx.a(hid.o)
 .bss.g_mouseOld
                0x0000000000058558        0x8 /home/vidar/devkitPro/libnx/lib/libnx.a(hid.o)
 .bss.g_mouseTimestamp
                0x0000000000058560        0x8 /home/vidar/devkitPro/libnx/lib/libnx.a(hid.o)
 .bss.g_mouseUp
                0x0000000000058568        0x8 /home/vidar/devkitPro/libnx/lib/libnx.a(hid.o)
 .bss.g_touchEntry
                0x0000000000058570      0x298 /home/vidar/devkitPro/libnx/lib/libnx.a(hid.o)
 .bss.g_touchTimestamp
                0x0000000000058808        0x8 /home/vidar/devkitPro/libnx/lib/libnx.a(hid.o)
 .bss.g_smHandle
                0x0000000000058810        0x4 /home/vidar/devkitPro/libnx/lib/libnx.a(sm.o)
 *fill*         0x0000000000058814        0x4 
 .bss.g_smOverrides
                0x0000000000058818      0x200 /home/vidar/devkitPro/libnx/lib/libnx.a(sm.o)
 .bss.g_smOverridesNum
                0x0000000000058a18        0x8 /home/vidar/devkitPro/libnx/lib/libnx.a(sm.o)
 .bss.g_apmISession
                0x0000000000058a20        0x8 /home/vidar/devkitPro/libnx/lib/libnx.a(apm.o)
 .bss.g_apmSrv  0x0000000000058a28        0x8 /home/vidar/devkitPro/libnx/lib/libnx.a(apm.o)
 .bss.g_gfxBinderSession
                0x0000000000058a30       0x20 /home/vidar/devkitPro/libnx/lib/libnx.a(gfx.o)
 .bss.g_gfxCurrentBuffer
                0x0000000000058a50        0x4 /home/vidar/devkitPro/libnx/lib/libnx.a(gfx.o)
 .bss.g_gfxCurrentProducerBuffer
                0x0000000000058a54        0x4 /home/vidar/devkitPro/libnx/lib/libnx.a(gfx.o)
 .bss.g_gfxDisplay
                0x0000000000058a58       0x50 /home/vidar/devkitPro/libnx/lib/libnx.a(gfx.o)
 .bss.g_gfxDisplayVsyncEvent
                0x0000000000058aa8        0x4 /home/vidar/devkitPro/libnx/lib/libnx.a(gfx.o)
 *fill*         0x0000000000058aac        0x4 
 .bss.g_gfxFramebuf
                0x0000000000058ab0        0x8 /home/vidar/devkitPro/libnx/lib/libnx.a(gfx.o)
 .bss.g_gfxFramebufLinear
                0x0000000000058ab8        0x8 /home/vidar/devkitPro/libnx/lib/libnx.a(gfx.o)
 .bss.g_gfxFramebufSize
                0x0000000000058ac0        0x8 /home/vidar/devkitPro/libnx/lib/libnx.a(gfx.o)
 .bss.g_gfxInitialized
                0x0000000000058ac8        0x1 /home/vidar/devkitPro/libnx/lib/libnx.a(gfx.o)
 *fill*         0x0000000000058ac9        0x7 
 .bss.g_gfxLayer
                0x0000000000058ad0       0x10 /home/vidar/devkitPro/libnx/lib/libnx.a(gfx.o)
 .bss.g_gfxNativeWindow
                0x0000000000058ae0      0x100 /home/vidar/devkitPro/libnx/lib/libnx.a(gfx.o)
 .bss.g_gfxNativeWindow_ID
                0x0000000000058be0        0x4 /home/vidar/devkitPro/libnx/lib/libnx.a(gfx.o)
 *fill*         0x0000000000058be4        0x4 
 .bss.g_gfxNativeWindow_Size
                0x0000000000058be8        0x8 /home/vidar/devkitPro/libnx/lib/libnx.a(gfx.o)
 .bss.g_gfx_Connect_QueueBufferOutput
                0x0000000000058bf0       0x10 /home/vidar/devkitPro/libnx/lib/libnx.a(gfx.o)
 .bss.g_gfx_DequeueBuffer_fence
                0x0000000000058c00       0x24 /home/vidar/devkitPro/libnx/lib/libnx.a(gfx.o)
 .bss.g_gfx_ProducerConnected
                0x0000000000058c24        0x1 /home/vidar/devkitPro/libnx/lib/libnx.a(gfx.o)
 *fill*         0x0000000000058c25        0x3 
 .bss.g_gfx_ProducerSlotsRequested
                0x0000000000058c28        0x2 /home/vidar/devkitPro/libnx/lib/libnx.a(gfx.o)
 *fill*         0x0000000000058c2a        0x6 
 .bss.g_gfx_QueueBuffer_QueueBufferOutput
                0x0000000000058c30       0x10 /home/vidar/devkitPro/libnx/lib/libnx.a(gfx.o)
 .bss.g_gfx_autoresolution_applethookcookie
                0x0000000000058c40       0x18 /home/vidar/devkitPro/libnx/lib/libnx.a(gfx.o)
 .bss.g_gfx_autoresolution_docked_height
                0x0000000000058c58        0x4 /home/vidar/devkitPro/libnx/lib/libnx.a(gfx.o)
 .bss.g_gfx_autoresolution_docked_width
                0x0000000000058c5c        0x4 /home/vidar/devkitPro/libnx/lib/libnx.a(gfx.o)
 .bss.g_gfx_autoresolution_enabled
                0x0000000000058c60        0x1 /home/vidar/devkitPro/libnx/lib/libnx.a(gfx.o)
 *fill*         0x0000000000058c61        0x3 
 .bss.g_gfx_autoresolution_handheld_height
                0x0000000000058c64        0x4 /home/vidar/devkitPro/libnx/lib/libnx.a(gfx.o)
 .bss.g_gfx_autoresolution_handheld_width
                0x0000000000058c68        0x4 /home/vidar/devkitPro/libnx/lib/libnx.a(gfx.o)
 *fill*         0x0000000000058c6c        0x4 
 .bss.g_gfx_framebuf_aligned_height
                0x0000000000058c70        0x8 /home/vidar/devkitPro/libnx/lib/libnx.a(gfx.o)
                0x0000000000058c70                g_gfx_framebuf_aligned_height
 .bss.g_gfx_framebuf_aligned_width
                0x0000000000058c78        0x8 /home/vidar/devkitPro/libnx/lib/libnx.a(gfx.o)
                0x0000000000058c78                g_gfx_framebuf_aligned_width
 .bss.g_gfx_framebuf_display_height
                0x0000000000058c80        0x8 /home/vidar/devkitPro/libnx/lib/libnx.a(gfx.o)
                0x0000000000058c80                g_gfx_framebuf_display_height
 .bss.g_gfx_framebuf_display_width
                0x0000000000058c88        0x8 /home/vidar/devkitPro/libnx/lib/libnx.a(gfx.o)
                0x0000000000058c88                g_gfx_framebuf_display_width
 .bss.g_gfx_framebuf_height
                0x0000000000058c90        0x8 /home/vidar/devkitPro/libnx/lib/libnx.a(gfx.o)
                0x0000000000058c90                g_gfx_framebuf_height
 .bss.g_gfx_framebuf_width
                0x0000000000058c98        0x8 /home/vidar/devkitPro/libnx/lib/libnx.a(gfx.o)
                0x0000000000058c98                g_gfx_framebuf_width
 .bss.g_gfx_singleframebuf_linear_size
                0x0000000000058ca0        0x8 /home/vidar/devkitPro/libnx/lib/libnx.a(gfx.o)
                0x0000000000058ca0                g_gfx_singleframebuf_linear_size
 .bss.g_gfx_singleframebuf_size
                0x0000000000058ca8        0x8 /home/vidar/devkitPro/libnx/lib/libnx.a(gfx.o)
                0x0000000000058ca8                g_gfx_singleframebuf_size
 .bss.__nx_heap_size
                0x0000000000058cb0        0x8 /home/vidar/devkitPro/libnx/lib/libnx.a(init.o)
                0x0000000000058cb0                __nx_heap_size
 .bss.g_isNso   0x0000000000058cb8        0x1 /home/vidar/devkitPro/libnx/lib/libnx.a(env.o)
 *fill*         0x0000000000058cb9        0x7 
 .bss.g_loaderRetAddr
                0x0000000000058cc0        0x8 /home/vidar/devkitPro/libnx/lib/libnx.a(env.o)
 .bss.g_mainThreadHandle
                0x0000000000058cc8        0x4 /home/vidar/devkitPro/libnx/lib/libnx.a(env.o)
 *fill*         0x0000000000058ccc        0x4 
 .bss.g_nextLoadArgv
                0x0000000000058cd0        0x8 /home/vidar/devkitPro/libnx/lib/libnx.a(env.o)
 .bss.g_nextLoadPath
                0x0000000000058cd8        0x8 /home/vidar/devkitPro/libnx/lib/libnx.a(env.o)
 .bss.g_overrideArgv
                0x0000000000058ce0        0x8 /home/vidar/devkitPro/libnx/lib/libnx.a(env.o)
 .bss.g_overrideHeapAddr
                0x0000000000058ce8        0x8 /home/vidar/devkitPro/libnx/lib/libnx.a(env.o)
 .bss.g_overrideHeapSize
                0x0000000000058cf0        0x8 /home/vidar/devkitPro/libnx/lib/libnx.a(env.o)
 .bss.g_processHandle
                0x0000000000058cf8        0x4 /home/vidar/devkitPro/libnx/lib/libnx.a(env.o)
 *fill*         0x0000000000058cfc        0x4 
 .bss.g_syscallHints
                0x0000000000058d00       0x10 /home/vidar/devkitPro/libnx/lib/libnx.a(env.o)
 .bss.g_argv_empty
                0x0000000000058d10        0x8 /home/vidar/devkitPro/libnx/lib/libnx.a(argv.o)
 .bss.g_HasCached
                0x0000000000058d18        0x1 /home/vidar/devkitPro/libnx/lib/libnx.a(detect.o)
 .bss.g_IsAbove200